Component: Arm Compiler for Embedded 6.19 Tool: armlink [5e73cb00]

==============================================================================

Section Cross References

    startup_da14531.o(RESET) refers to startup_da14531.o(STACK) for __initial_sp
    startup_da14531.o(RESET) refers to startup_da14531.o(.text) for Reset_Handler
    startup_da14531.o(RESET) refers to lto-llvm-1c480a.o(.text.SysTick_Handler) for SysTick_Handler
    startup_da14531.o(RESET) refers to lto-llvm-1c480a.o(.text.BLE_WAKEUP_LP_Handler) for BLE_WAKEUP_LP_Handler
    startup_da14531.o(RESET) refers to lto-llvm-1c480a.o(.text.rwble_isr) for rwble_isr
    startup_da14531.o(RESET) refers to lto-llvm-1c480a.o(.text.UART2_Handler) for UART2_Handler
    startup_da14531.o(RESET) refers to lto-llvm-1c480a.o(.text.I2C_Handler) for I2C_Handler
    startup_da14531.o(RESET) refers to lto-llvm-1c480a.o(.text.ADC_Handler) for ADC_Handler
    startup_da14531.o(RESET) refers to lto-llvm-1c480a.o(.text.BLE_RF_DIAG_Handler) for BLE_RF_DIAG_Handler
    startup_da14531.o(RESET) refers to lto-llvm-1c480a.o(.text.GPIO0_Handler) for GPIO0_Handler
    startup_da14531.o(RESET) refers to lto-llvm-1c480a.o(.text.GPIO1_Handler) for GPIO1_Handler
    startup_da14531.o(RESET) refers to lto-llvm-1c480a.o(.text.GPIO2_Handler) for GPIO2_Handler
    startup_da14531.o(RESET) refers to lto-llvm-1c480a.o(.text.GPIO3_Handler) for GPIO3_Handler
    startup_da14531.o(RESET) refers to lto-llvm-1c480a.o(.text.GPIO4_Handler) for GPIO4_Handler
    startup_da14531.o(RESET) refers to lto-llvm-1c480a.o(.text.WKUP_QUADEC_Handler) for WKUP_QUADEC_Handler
    startup_da14531.o(.text) refers to lto-llvm-1c480a.o(system_DA14xxx) for SystemInit
    startup_da14531.o(.text) refers to entry.o(.ARM.Collect$$$$00000000) for __main
    startup_da14531.o(.text) refers to lto-llvm-1c480a.o(.text.NMI_HandlerC) for NMI_HandlerC
    startup_da14531.o(.text) refers to lto-llvm-1c480a.o(.text.HardFault_HandlerC) for HardFault_HandlerC
    patch.o(.text) refers to lto-llvm-1c480a.o(.bss.retention_mem_area0) for lld_force_timeout_refresh
    rf_ldo_calibration.o(.text) refers to arch_asm.o(.text) for arch_asm_delay_us
    rf_ldo_calibration.o(.text) refers to lto-llvm-1c480a.o(.text.rf_calibration) for rf_calibration
    rf_ldo_calibration.o(.text) refers to rf_ldo_calibration.o(.bss) for .bss
    rf_ldo_calibration.o(.text) refers to lto-llvm-1c480a.o(.bss.retention_mem_area0) for rf_ldo_calibration_pending
    common.o(.text) refers to arch_asm.o(.text) for arch_asm_delay_us
    entry.o(.ARM.Collect$$$$00000000) refers (Special) to entry10a.o(.ARM.Collect$$$$0000000D) for __rt_final_cpp
    entry.o(.ARM.Collect$$$$00000000) refers (Special) to entry11a.o(.ARM.Collect$$$$0000000F) for __rt_final_exit
    entry.o(.ARM.Collect$$$$00000000) refers (Special) to entry7b.o(.ARM.Collect$$$$00000008) for _main_clock
    entry.o(.ARM.Collect$$$$00000000) refers (Special) to entry8b.o(.ARM.Collect$$$$0000000A) for _main_cpp_init
    entry.o(.ARM.Collect$$$$00000000) refers (Special) to entry9a.o(.ARM.Collect$$$$0000000B) for _main_init
    entry.o(.ARM.Collect$$$$00000000) refers (Special) to entry5.o(.ARM.Collect$$$$00000004) for _main_scatterload
    entry.o(.ARM.Collect$$$$00000000) refers (Special) to entry2.o(.ARM.Collect$$$$00000001) for _main_stk
    entry2.o(.ARM.Collect$$$$00000001) refers to entry2.o(.ARM.Collect$$$$00002712) for __lit__00000000
    entry2.o(.ARM.Collect$$$$00002712) refers to startup_da14531.o(STACK) for __initial_sp
    entry2.o(__vectab_stack_and_reset_area) refers to startup_da14531.o(STACK) for __initial_sp
    entry2.o(__vectab_stack_and_reset_area) refers to entry.o(.ARM.Collect$$$$00000000) for __main
    entry5.o(.ARM.Collect$$$$00000004) refers to init.o(.text) for __scatterload
    entry9a.o(.ARM.Collect$$$$0000000B) refers to lto-llvm-1c480a.o(.text.main) for main
    entry9b.o(.ARM.Collect$$$$0000000C) refers to lto-llvm-1c480a.o(.text.main) for main
    init.o(.text) refers to entry5.o(.ARM.Collect$$$$00000004) for __main_after_scatterload
    lto-llvm-1c480a.o(system_DA14xxx) refers to lto-llvm-1c480a.o(otp_cs_booter) for [Anonymous Symbol]
    lto-llvm-1c480a.o(.ARM.exidxsystem_DA14xxx) refers to lto-llvm-1c480a.o(system_DA14xxx) for [Anonymous Symbol]
    lto-llvm-1c480a.o(.text.HardFault_HandlerC) refers to lto-llvm-1c480a.o(.text.syscntl_dcdc_set_level) for syscntl_dcdc_set_level
    lto-llvm-1c480a.o(.ARM.exidx.text.HardFault_HandlerC) refers to lto-llvm-1c480a.o(.text.HardFault_HandlerC) for [Anonymous Symbol]
    lto-llvm-1c480a.o(.text.NMI_HandlerC) refers to lto-llvm-1c480a.o(.text.syscntl_dcdc_set_level) for syscntl_dcdc_set_level
    lto-llvm-1c480a.o(.ARM.exidx.text.NMI_HandlerC) refers to lto-llvm-1c480a.o(.text.NMI_HandlerC) for [Anonymous Symbol]
    lto-llvm-1c480a.o(.ARM.exidx.text.platform_reset_func) refers to lto-llvm-1c480a.o(.text.platform_reset_func) for [Anonymous Symbol]
[...]
    l2cc_create                              0x07f13ba3   Thumb Code     0  da14531_symbols.txt ABSOLUTE
    l2cc_update_state                        0x07f13bdb   Thumb Code     0  da14531_symbols.txt ABSOLUTE
    hci_acl_data_rx_handler                  0x07f13d97   Thumb Code     0  da14531_symbols.txt ABSOLUTE
    l2cm_init                                0x07f14029   Thumb Code     0  da14531_symbols.txt ABSOLUTE
    l2cm_create                              0x07f1403d   Thumb Code     0  da14531_symbols.txt ABSOLUTE
    l2cm_cleanup                             0x07f14045   Thumb Code     0  da14531_symbols.txt ABSOLUTE
    l2cm_set_link_layer_buff_size            0x07f1404d   Thumb Code     0  da14531_symbols.txt ABSOLUTE
    smpc_send_use_enc_block_cmd              0x07f1405d   Thumb Code     0  da14531_symbols.txt ABSOLUTE
    smpc_send_start_enc_cmd                  0x07f14095   Thumb Code     0  da14531_symbols.txt ABSOLUTE
    smpc_send_ltk_req_rsp                    0x07f1410f   Thumb Code     0  da14531_symbols.txt ABSOLUTE
    smpc_send_pairing_req_ind                0x07f1416b   Thumb Code     0  da14531_symbols.txt ABSOLUTE
    smpc_send_pairing_ind                    0x07f1424f   Thumb Code     0  da14531_symbols.txt ABSOLUTE
    smpc_check_pairing_feat                  0x07f1436b   Thumb Code     0  da14531_symbols.txt ABSOLUTE
    smpc_launch_rep_att_timer                0x07f14385   Thumb Code     0  da14531_symbols.txt ABSOLUTE
    smpc_check_repeated_attempts             0x07f143c1   Thumb Code     0  da14531_symbols.txt ABSOLUTE
    smpc_check_max_key_size                  0x07f14423   Thumb Code     0  da14531_symbols.txt ABSOLUTE
    smpc_check_key_distrib                   0x07f14469   Thumb Code     0  da14531_symbols.txt ABSOLUTE
    smpc_xor                                 0x07f144b3   Thumb Code     0  da14531_symbols.txt ABSOLUTE
    smpc_generate_l                          0x07f144c9   Thumb Code     0  da14531_symbols.txt ABSOLUTE
    smpc_generate_ci                         0x07f14517   Thumb Code     0  da14531_symbols.txt ABSOLUTE
    smpc_generate_rand                       0x07f1457b   Thumb Code     0  da14531_symbols.txt ABSOLUTE
    smpc_generate_e1                         0x07f145a1   Thumb Code     0  da14531_symbols.txt ABSOLUTE
    smpc_generate_cfm                        0x07f1465b   Thumb Code     0  da14531_symbols.txt ABSOLUTE
    smpc_generate_stk                        0x07f146d5   Thumb Code     0  da14531_symbols.txt ABSOLUTE
    smpc_calc_subkeys                        0x07f1472b   Thumb Code     0  da14531_symbols.txt ABSOLUTE
    smpc_clear_timeout_timer                 0x07f147a1   Thumb Code     0  da14531_symbols.txt ABSOLUTE
    smpc_pairing_end                         0x07f147cb   Thumb Code     0  da14531_symbols.txt ABSOLUTE
    smpc_tkdp_rcp_continue                   0x07f14829   Thumb Code     0  da14531_symbols.txt ABSOLUTE
    smpc_tkdp_rcp_start                      0x07f148a1   Thumb Code     0  da14531_symbols.txt ABSOLUTE
    smpc_pdu_send                            0x07f148f5   Thumb Code     0  da14531_symbols.txt ABSOLUTE
    smpc_tkdp_send_start                     0x07f14993   Thumb Code     0  da14531_symbols.txt ABSOLUTE
    smpc_tkdp_send_continue                  0x07f14a1f   Thumb Code     0  da14531_symbols.txt ABSOLUTE
    smpc_get_key_sec_prop                    0x07f14a9b   Thumb Code     0  da14531_symbols.txt ABSOLUTE
    smpc_is_sec_mode_reached                 0x07f14b67   Thumb Code     0  da14531_symbols.txt ABSOLUTE
    smpc_handle_enc_change_evt               0x07f14ba9   Thumb Code     0  da14531_symbols.txt ABSOLUTE
    smpc_pdu_recv_func                       0x07f14c63   Thumb Code     0  da14531_symbols.txt ABSOLUTE
    smpc_generate_subkey                     0x07f14ccf   Thumb Code     0  da14531_symbols.txt ABSOLUTE
    leftshift_onebit                         0x07f14d03   Thumb Code     0  da14531_symbols.txt ABSOLUTE
    padding                                  0x07f14d1b   Thumb Code     0  da14531_symbols.txt ABSOLUTE
    smpc_generate_subkey_P2                  0x07f14d3f   Thumb Code     0  da14531_symbols.txt ABSOLUTE
    AES_CMAC_block                           0x07f14de3   Thumb Code     0  da14531_symbols.txt ABSOLUTE
    smpc_generate_f4                         0x07f14ea3   Thumb Code     0  da14531_symbols.txt ABSOLUTE
    smpc_generate_g2                         0x07f14fb7   Thumb Code     0  da14531_symbols.txt ABSOLUTE
    smpc_generate_f5                         0x07f15061   Thumb Code     0  da14531_symbols.txt ABSOLUTE
    smpc_generate_f5_T                       0x07f15073   Thumb Code     0  da14531_symbols.txt ABSOLUTE
    smpc_generate_f5_P2                      0x07f150e1   Thumb Code     0  da14531_symbols.txt ABSOLUTE
    smpc_generate_f6                         0x07f152b3   Thumb Code     0  da14531_symbols.txt ABSOLUTE
    smpm_send_encrypt_req                    0x07f1544d   Thumb Code     0  da14531_symbols.txt ABSOLUTE
    smpm_send_gen_rand_nb_req                0x07f1547b   Thumb Code     0  da14531_symbols.txt ABSOLUTE
    smpm_check_addr_type                     0x07f15491   Thumb Code     0  da14531_symbols.txt ABSOLUTE
    gapc_update_state                        0x07f154fd   Thumb Code     0  da14531_symbols.txt ABSOLUTE
    gapc_get_requester                       0x07f1552d   Thumb Code     0  da14531_symbols.txt ABSOLUTE
    gapc_send_complete_evt                   0x07f15549   Thumb Code     0  da14531_symbols.txt ABSOLUTE
    gapc_init                                0x07f15673   Thumb Code     0  da14531_symbols.txt ABSOLUTE
    gapc_con_create                          0x07f156a5   Thumb Code     0  da14531_symbols.txt ABSOLUTE
    gapc_con_create_enh                      0x07f1575f   Thumb Code     0  da14531_symbols.txt ABSOLUTE
    gapc_con_cleanup                         0x07f15859   Thumb Code     0  da14531_symbols.txt ABSOLUTE
    gapc_send_disconect_ind                  0x07f15869   Thumb Code     0  da14531_symbols.txt ABSOLUTE
    gapc_get_conidx                          0x07f1588b   Thumb Code     0  da14531_symbols.txt ABSOLUTE
    gapc_get_conhdl                          0x07f158c5   Thumb Code     0  da14531_symbols.txt ABSOLUTE
    gapc_get_role                            0x07f158dd   Thumb Code     0  da14531_symbols.txt ABSOLUTE
    gapc_get_bdaddr                          0x07f158f9   Thumb Code     0  da14531_symbols.txt ABSOLUTE
    gapc_get_csrk                            0x07f15919   Thumb Code     0  da14531_symbols.txt ABSOLUTE
    gapc_get_sign_counter                    0x07f15937   Thumb Code     0  da14531_symbols.txt ABSOLUTE
    gapc_send_error_evt                      0x07f15955   Thumb Code     0  da14531_symbols.txt ABSOLUTE
    gapc_get_operation                       0x07f15977   Thumb Code     0  da14531_symbols.txt ABSOLUTE
    gapc_get_operation_ptr                   0x07f1598d   Thumb Code     0  da14531_symbols.txt ABSOLUTE
    gapc_set_operation_ptr                   0x07f15999   Thumb Code     0  da14531_symbols.txt ABSOLUTE
    gapc_reschedule_operation                0x07f159a5   Thumb Code     0  da14531_symbols.txt ABSOLUTE
    gapc_reschedule_conn_update              0x07f159d5   Thumb Code     0  da14531_symbols.txt ABSOLUTE
    gapc_get_enc_keysize                     0x07f159fb   Thumb Code     0  da14531_symbols.txt ABSOLUTE
    gapc_is_sec_set                          0x07f15a13   Thumb Code     0  da14531_symbols.txt ABSOLUTE
    gapc_set_enc_keysize                     0x07f15a9f   Thumb Code     0  da14531_symbols.txt ABSOLUTE
    gapc_link_encrypted                      0x07f15ab3   Thumb Code     0  da14531_symbols.txt ABSOLUTE
    gapc_auth_set                            0x07f15acd   Thumb Code     0  da14531_symbols.txt ABSOLUTE
    gapc_svc_chg_ccc_get                     0x07f15aed   Thumb Code     0  da14531_symbols.txt ABSOLUTE
    gapc_svc_chg_ccc_set                     0x07f15afd   Thumb Code     0  da14531_symbols.txt ABSOLUTE
    gapc_check_lecb_sec_perm                 0x07f15b13   Thumb Code     0  da14531_symbols.txt ABSOLUTE
    gapc_search_lecb_channel                 0x07f15b7b   Thumb Code     0  da14531_symbols.txt ABSOLUTE
    gapc_lecnx_check_tx                      0x07f15bb5   Thumb Code     0  da14531_symbols.txt ABSOLUTE
    gapc_lecnx_check_rx                      0x07f15bfd   Thumb Code     0  da14531_symbols.txt ABSOLUTE
    gapc_lecnx_get_field                     0x07f15c41   Thumb Code     0  da14531_symbols.txt ABSOLUTE
    gapc_process_op                          0x07f15cb5   Thumb Code     0  da14531_symbols.txt ABSOLUTE
    gapc_param_update_sanity                 0x07f15e2f   Thumb Code     0  da14531_symbols.txt ABSOLUTE
    gapc_param_cb_con_sanity                 0x07f15e57   Thumb Code     0  da14531_symbols.txt ABSOLUTE
    gapc_param_update_cmd_handler            0x07f161d3   Thumb Code     0  da14531_symbols.txt ABSOLUTE
    l2cc_pdu_recv_ind_handler_func           0x07f16323   Thumb Code     0  da14531_symbols.txt ABSOLUTE
    gapc_lecb_connect_cfm_handler_func       0x07f172eb   Thumb Code     0  da14531_symbols.txt ABSOLUTE
    gapm_init                                0x07f176c7   Thumb Code     0  da14531_symbols.txt ABSOLUTE
    gapm_init_attr                           0x07f17723   Thumb Code     0  da14531_symbols.txt ABSOLUTE
    gapm_get_operation                       0x07f1774f   Thumb Code     0  da14531_symbols.txt ABSOLUTE
    gapm_get_requester                       0x07f17761   Thumb Code     0  da14531_symbols.txt ABSOLUTE
    gapm_reschedule_operation                0x07f17779   Thumb Code     0  da14531_symbols.txt ABSOLUTE
    gapm_send_complete_evt                   0x07f1779b   Thumb Code     0  da14531_symbols.txt ABSOLUTE
    gapm_send_error_evt                      0x07f177d1   Thumb Code     0  da14531_symbols.txt ABSOLUTE
    gapm_con_create                          0x07f177f1   Thumb Code     0  da14531_symbols.txt ABSOLUTE
    gapm_con_enable                          0x07f17875   Thumb Code     0  da14531_symbols.txt ABSOLUTE
    gapm_con_cleanup                         0x07f17881   Thumb Code     0  da14531_symbols.txt ABSOLUTE
    gapm_get_id_from_task                    0x07f178b1   Thumb Code     0  da14531_symbols.txt ABSOLUTE
    gapm_get_task_from_id                    0x07f178f1   Thumb Code     0  da14531_symbols.txt ABSOLUTE
    gapm_is_disc_connection                  0x07f1792d   Thumb Code     0  da14531_symbols.txt ABSOLUTE
    gapm_adv_sanity                          0x07f18779   Thumb Code     0  da14531_symbols.txt ABSOLUTE
    gapm_adv_op_sanity                       0x07f1886d   Thumb Code     0  da14531_symbols.txt ABSOLUTE
    gapm_set_adv_mode                        0x07f189f3   Thumb Code     0  da14531_symbols.txt ABSOLUTE
    gapm_set_adv_data                        0x07f18a0d   Thumb Code     0  da14531_symbols.txt ABSOLUTE
    gapm_execute_adv_op                      0x07f18a9d   Thumb Code     0  da14531_symbols.txt ABSOLUTE
    gapm_scan_op_sanity                      0x07f18bc3   Thumb Code     0  da14531_symbols.txt ABSOLUTE
    gapm_set_scan_mode                       0x07f18ccb   Thumb Code     0  da14531_symbols.txt ABSOLUTE
    gapm_execute_scan_op                     0x07f18ce9   Thumb Code     0  da14531_symbols.txt ABSOLUTE
    gapm_connect_op_sanity                   0x07f18da3   Thumb Code     0  da14531_symbols.txt ABSOLUTE
    gapm_basic_hci_cmd_send                  0x07f18f23   Thumb Code     0  da14531_symbols.txt ABSOLUTE
    gapm_execute_connect_op                  0x07f18f37   Thumb Code     0  da14531_symbols.txt ABSOLUTE
    gapm_get_role                            0x07f190d9   Thumb Code     0  da14531_symbols.txt ABSOLUTE
    gapm_get_ad_type_flag                    0x07f190e1   Thumb Code     0  da14531_symbols.txt ABSOLUTE
    gapm_add_to_filter                       0x07f19107   Thumb Code     0  da14531_symbols.txt ABSOLUTE
    gapm_is_filtered                         0x07f19187   Thumb Code     0  da14531_symbols.txt ABSOLUTE
    gapm_update_air_op_state                 0x07f191eb   Thumb Code     0  da14531_symbols.txt ABSOLUTE
    gapm_get_irk                             0x07f192b3   Thumb Code     0  da14531_symbols.txt ABSOLUTE
    gapm_get_bdaddr                          0x07f192b9   Thumb Code     0  da14531_symbols.txt ABSOLUTE
    l2cc_pdu_pack_func                       0x07f192d5   Thumb Code     0  da14531_symbols.txt ABSOLUTE
    l2cc_detect_dest                         0x07f197d1   Thumb Code     0  da14531_symbols.txt ABSOLUTE
    l2cc_handle_invalid_pdu                  0x07f1982d   Thumb Code     0  da14531_symbols.txt ABSOLUTE
    l2cc_pdu_unpack_func                     0x07f19943   Thumb Code     0  da14531_symbols.txt ABSOLUTE
    l2c_process_sdu_func                     0x07f19c5f   Thumb Code     0  da14531_symbols.txt ABSOLUTE
    l2c_send_lecb_message_func               0x07f19d5f   Thumb Code     0  da14531_symbols.txt ABSOLUTE
    smpc_check_param_func                    0x07f19e59   Thumb Code     0  da14531_symbols.txt ABSOLUTE
    smpc_recv_pair_rand_pdu                  0x07f1a1e3   Thumb Code     0  da14531_symbols.txt ABSOLUTE
    smpc_recv_public_key_exchange_pdu        0x07f1a44f   Thumb Code     0  da14531_symbols.txt ABSOLUTE
    gapc_hci_handler                         0x07f1aacd   Thumb Code     0  da14531_symbols.txt ABSOLUTE
    gapm_hci_handler                         0x07f1b745   Thumb Code     0  da14531_symbols.txt ABSOLUTE
    smpc_pairing_start                       0x07f1b7b1   Thumb Code     0  da14531_symbols.txt ABSOLUTE
    smpc_pairing_tk_exch                     0x07f1b837   Thumb Code     0  da14531_symbols.txt ABSOLUTE
    smpc_pairing_ltk_exch                    0x07f1b8f5   Thumb Code     0  da14531_symbols.txt ABSOLUTE
    smpc_pairing_csrk_exch                   0x07f1b949   Thumb Code     0  da14531_symbols.txt ABSOLUTE
    smpc_pairing_rsp                         0x07f1b99f   Thumb Code     0  da14531_symbols.txt ABSOLUTE
    smpc_pairing_req_handler                 0x07f1ba83   Thumb Code     0  da14531_symbols.txt ABSOLUTE
    smpc_security_req_send                   0x07f1babb   Thumb Code     0  da14531_symbols.txt ABSOLUTE
    smpc_encrypt_start                       0x07f1bae5   Thumb Code     0  da14531_symbols.txt ABSOLUTE
    smpc_encrypt_start_handler               0x07f1bb0b   Thumb Code     0  da14531_symbols.txt ABSOLUTE
    smpc_encrypt_cfm                         0x07f1bb3d   Thumb Code     0  da14531_symbols.txt ABSOLUTE
    smpc_sign_command                        0x07f1bb69   Thumb Code     0  da14531_symbols.txt ABSOLUTE
    smpc_sign_cont                           0x07f1bc41   Thumb Code     0  da14531_symbols.txt ABSOLUTE
    smpc_calc_confirm_cont                   0x07f1bdeb   Thumb Code     0  da14531_symbols.txt ABSOLUTE
    smpc_confirm_gen_rand                    0x07f1c32d   Thumb Code     0  da14531_symbols.txt ABSOLUTE
    smpc_public_key_exchange_start_func      0x07f1c3f3   Thumb Code     0  da14531_symbols.txt ABSOLUTE
    smpc_dhkey_calc_start                    0x07f1c417   Thumb Code     0  da14531_symbols.txt ABSOLUTE
    smpc_sec_authentication_start            0x07f1c447   Thumb Code     0  da14531_symbols.txt ABSOLUTE
    smpc_dhkey_calc_ind_func                 0x07f1c475   Thumb Code     0  da14531_symbols.txt ABSOLUTE
    smpm_gen_rand_addr                       0x07f1c4b9   Thumb Code     0  da14531_symbols.txt ABSOLUTE
    smpm_resolv_addr                         0x07f1c4d1   Thumb Code     0  da14531_symbols.txt ABSOLUTE
    smpm_use_enc_block                       0x07f1c4f3   Thumb Code     0  da14531_symbols.txt ABSOLUTE
    smpm_gen_rand_nb                         0x07f1c4fb   Thumb Code     0  da14531_symbols.txt ABSOLUTE
    smpm_ecdh_key_create_func                0x07f1c503   Thumb Code     0  da14531_symbols.txt ABSOLUTE
    ke_init                                  0x07f1c521   Thumb Code     0  da14531_symbols.txt ABSOLUTE
    ke_flush                                 0x07f1c553   Thumb Code     0  da14531_symbols.txt ABSOLUTE
    ke_sleep_check                           0x07f1c593   Thumb Code     0  da14531_symbols.txt ABSOLUTE
    ke_stats_get                             0x07f1c5a5   Thumb Code     0  da14531_symbols.txt ABSOLUTE
    ke_event_init                            0x07f1c5c1   Thumb Code     0  da14531_symbols.txt ABSOLUTE
    ke_event_callback_set                    0x07f1c5cd   Thumb Code     0  da14531_symbols.txt ABSOLUTE
    ke_event_set                             0x07f1c5e1   Thumb Code     0  da14531_symbols.txt ABSOLUTE
    ke_event_clear                           0x07f1c60d   Thumb Code     0  da14531_symbols.txt ABSOLUTE
    ke_event_get                             0x07f1c639   Thumb Code     0  da14531_symbols.txt ABSOLUTE
    ke_event_get_all                         0x07f1c65f   Thumb Code     0  da14531_symbols.txt ABSOLUTE
    ke_event_flush                           0x07f1c665   Thumb Code     0  da14531_symbols.txt ABSOLUTE
    ke_event_schedule                        0x07f1c66d   Thumb Code     0  da14531_symbols.txt ABSOLUTE
    ke_mem_init                              0x07f1c6bd   Thumb Code     0  da14531_symbols.txt ABSOLUTE
    ke_mem_is_empty                          0x07f1c709   Thumb Code     0  da14531_symbols.txt ABSOLUTE
    ke_check_malloc                          0x07f1c749   Thumb Code     0  da14531_symbols.txt ABSOLUTE
    ke_malloc                                0x07f1c7d9   Thumb Code     0  da14531_symbols.txt ABSOLUTE
    ke_free                                  0x07f1c8cf   Thumb Code     0  da14531_symbols.txt ABSOLUTE
    ke_is_free                               0x07f1c9b1   Thumb Code     0  da14531_symbols.txt ABSOLUTE
    ke_get_mem_usage                         0x07f1c9c3   Thumb Code     0  da14531_symbols.txt ABSOLUTE
    ke_get_max_mem_usage                     0x07f1c9cf   Thumb Code     0  da14531_symbols.txt ABSOLUTE
    ke_msg_alloc                             0x07f1c9f5   Thumb Code     0  da14531_symbols.txt ABSOLUTE
    ke_msg_send                              0x07f1ca2b   Thumb Code     0  da14531_symbols.txt ABSOLUTE
    ke_msg_send_basic                        0x07f1ca57   Thumb Code     0  da14531_symbols.txt ABSOLUTE
    ke_msg_forward                           0x07f1ca65   Thumb Code     0  da14531_symbols.txt ABSOLUTE
    ke_msg_forward_new_id                    0x07f1ca6f   Thumb Code     0  da14531_symbols.txt ABSOLUTE
    ke_msg_free                              0x07f1ca7f   Thumb Code     0  da14531_symbols.txt ABSOLUTE
    ke_msg_dest_id_get                       0x07f1ca87   Thumb Code     0  da14531_symbols.txt ABSOLUTE
    ke_msg_src_id_get                        0x07f1ca8d   Thumb Code     0  da14531_symbols.txt ABSOLUTE
    ke_msg_in_queue                          0x07f1ca93   Thumb Code     0  da14531_symbols.txt ABSOLUTE
    ke_queue_extract                         0x07f1caa5   Thumb Code     0  da14531_symbols.txt ABSOLUTE
    ke_queue_insert                          0x07f1caf5   Thumb Code     0  da14531_symbols.txt ABSOLUTE
    ke_task_init_func                        0x07f1cddf   Thumb Code     0  da14531_symbols.txt ABSOLUTE
    ke_task_create                           0x07f1cdf3   Thumb Code     0  da14531_symbols.txt ABSOLUTE
    ke_task_delete                           0x07f1ce2b   Thumb Code     0  da14531_symbols.txt ABSOLUTE
    ke_state_set                             0x07f1ce57   Thumb Code     0  da14531_symbols.txt ABSOLUTE
    ke_state_get                             0x07f1ce81   Thumb Code     0  da14531_symbols.txt ABSOLUTE
    ke_msg_discard                           0x07f1ce9f   Thumb Code     0  da14531_symbols.txt ABSOLUTE
    ke_msg_save                              0x07f1cea3   Thumb Code     0  da14531_symbols.txt ABSOLUTE
    ke_task_msg_flush                        0x07f1cea7   Thumb Code     0  da14531_symbols.txt ABSOLUTE
    ke_timer_init_func                       0x07f1d067   Thumb Code     0  da14531_symbols.txt ABSOLUTE
    ke_timer_set                             0x07f1d073   Thumb Code     0  da14531_symbols.txt ABSOLUTE
    ke_timer_clear                           0x07f1d107   Thumb Code     0  da14531_symbols.txt ABSOLUTE
    ke_timer_active                          0x07f1d15d   Thumb Code     0  da14531_symbols.txt ABSOLUTE
    ke_timer_sleep_check                     0x07f1d183   Thumb Code     0  da14531_symbols.txt ABSOLUTE
    rwble_hl_init                            0x07f1d289   Thumb Code     0  da14531_symbols.txt ABSOLUTE
    rwble_hl_reset                           0x07f1d2ab   Thumb Code     0  da14531_symbols.txt ABSOLUTE
    rwble_hl_send_message                    0x07f1d2cd   Thumb Code     0  da14531_symbols.txt ABSOLUTE
    rwip_check_wakeup_boundary               0x07f1d2d1   Thumb Code     0  da14531_symbols.txt ABSOLUTE
    rwip_init                                0x07f1d2f7   Thumb Code     0  da14531_symbols.txt ABSOLUTE
    rwip_reset                               0x07f1d3bb   Thumb Code     0  da14531_symbols.txt ABSOLUTE
    rwip_version                             0x07f1d3f3   Thumb Code     0  da14531_symbols.txt ABSOLUTE
    rwip_schedule                            0x07f1d3fb   Thumb Code     0  da14531_symbols.txt ABSOLUTE
    rwip_prevent_sleep_set                   0x07f1d4a7   Thumb Code     0  da14531_symbols.txt ABSOLUTE
    rwip_wakeup                              0x07f1d4c9   Thumb Code     0  da14531_symbols.txt ABSOLUTE
    rwip_prevent_sleep_clear                 0x07f1d4df   Thumb Code     0  da14531_symbols.txt ABSOLUTE
    rwip_wakeup_end                          0x07f1d501   Thumb Code     0  da14531_symbols.txt ABSOLUTE
    rwip_wakeup_delay_set                    0x07f1d51d   Thumb Code     0  da14531_symbols.txt ABSOLUTE
    rwip_sleep_enable                        0x07f1d52b   Thumb Code     0  da14531_symbols.txt ABSOLUTE
    rwip_ext_wakeup_enable                   0x07f1d531   Thumb Code     0  da14531_symbols.txt ABSOLUTE
    rwble_init                               0x07f1d555   Thumb Code     0  da14531_symbols.txt ABSOLUTE
    rwble_reset                              0x07f1d5bb   Thumb Code     0  da14531_symbols.txt ABSOLUTE
    rwble_version                            0x07f1d5ef   Thumb Code     0  da14531_symbols.txt ABSOLUTE
    rwble_send_message                       0x07f1d61b   Thumb Code     0  da14531_symbols.txt ABSOLUTE
    YieldToScheduler                         0x07f1d725   Thumb Code     0  da14531_symbols.txt ABSOLUTE
    xorshift64star                           0x07f1d72d   Thumb Code     0  da14531_symbols.txt ABSOLUTE
    uECC_set_rng                             0x07f1d793   Thumb Code     0  da14531_symbols.txt ABSOLUTE
    uECC_get_rng                             0x07f1d799   Thumb Code     0  da14531_symbols.txt ABSOLUTE
    uECC_curve_private_key_size              0x07f1d79f   Thumb Code     0  da14531_symbols.txt ABSOLUTE
    uECC_curve_public_key_size               0x07f1d7af   Thumb Code     0  da14531_symbols.txt ABSOLUTE
    uECC_vli_clear                           0x07f1d7b7   Thumb Code     0  da14531_symbols.txt ABSOLUTE
    uECC_vli_isZero                          0x07f1d7cd   Thumb Code     0  da14531_symbols.txt ABSOLUTE
    uECC_vli_testBit                         0x07f1d7ef   Thumb Code     0  da14531_symbols.txt ABSOLUTE
    uECC_vli_numBits                         0x07f1d801   Thumb Code     0  da14531_symbols.txt ABSOLUTE
    uECC_vli_set                             0x07f1d83b   Thumb Code     0  da14531_symbols.txt ABSOLUTE
    uECC_vli_equal                           0x07f1d879   Thumb Code     0  da14531_symbols.txt ABSOLUTE
    uECC_vli_cmp                             0x07f1d89d   Thumb Code     0  da14531_symbols.txt ABSOLUTE
    uECC_vli_rshift1                         0x07f1d8d3   Thumb Code     0  da14531_symbols.txt ABSOLUTE
    uECC_vli_square                          0x07f1d8f1   Thumb Code     0  da14531_symbols.txt ABSOLUTE
    uECC_vli_modAdd                          0x07f1d8fd   Thumb Code     0  da14531_symbols.txt ABSOLUTE
    uECC_vli_modSub                          0x07f1d92b   Thumb Code     0  da14531_symbols.txt ABSOLUTE
    uECC_vli_mmod                            0x07f1d94b   Thumb Code     0  da14531_symbols.txt ABSOLUTE
    uECC_vli_modMult                         0x07f1da55   Thumb Code     0  da14531_symbols.txt ABSOLUTE
    uECC_vli_modMult_fast                    0x07f1da77   Thumb Code     0  da14531_symbols.txt ABSOLUTE
    uECC_vli_modSquare                       0x07f1da97   Thumb Code     0  da14531_symbols.txt ABSOLUTE
    uECC_vli_modSquare_fast                  0x07f1daa5   Thumb Code     0  da14531_symbols.txt ABSOLUTE
    uECC_vli_modInv                          0x07f1dae5   Thumb Code     0  da14531_symbols.txt ABSOLUTE
    uECC_secp256r1                           0x07f1de21   Thumb Code     0  da14531_symbols.txt ABSOLUTE
    uECC_vli_nativeToBytes                   0x07f1e41f   Thumb Code     0  da14531_symbols.txt ABSOLUTE
    uECC_vli_bytesToNative                   0x07f1e441   Thumb Code     0  da14531_symbols.txt ABSOLUTE
    uECC_generate_random_int                 0x07f1e47f   Thumb Code     0  da14531_symbols.txt ABSOLUTE
    uECC_make_key                            0x07f1e4e1   Thumb Code     0  da14531_symbols.txt ABSOLUTE
    uECC_shared_secret                       0x07f1e55f   Thumb Code     0  da14531_symbols.txt ABSOLUTE
    uECC_compress                            0x07f1e61b   Thumb Code     0  da14531_symbols.txt ABSOLUTE
    uECC_decompress                          0x07f1e649   Thumb Code     0  da14531_symbols.txt ABSOLUTE
    uECC_valid_point                         0x07f1e6b9   Thumb Code     0  da14531_symbols.txt ABSOLUTE
    uECC_valid_public_key                    0x07f1e71b   Thumb Code     0  da14531_symbols.txt ABSOLUTE
    uECC_compute_public_key                  0x07f1e74f   Thumb Code     0  da14531_symbols.txt ABSOLUTE
    uECC_sign                                0x07f1e9d5   Thumb Code     0  da14531_symbols.txt ABSOLUTE
    uECC_sign_deterministic                  0x07f1eabb   Thumb Code     0  da14531_symbols.txt ABSOLUTE
    uECC_verify                              0x07f1ec29   Thumb Code     0  da14531_symbols.txt ABSOLUTE
    uECC_curve_num_words                     0x07f1eed5   Thumb Code     0  da14531_symbols.txt ABSOLUTE
    uECC_curve_num_bytes                     0x07f1eedd   Thumb Code     0  da14531_symbols.txt ABSOLUTE
    uECC_curve_num_bits                      0x07f1eee5   Thumb Code     0  da14531_symbols.txt ABSOLUTE
    uECC_curve_num_n_words                   0x07f1eeed   Thumb Code     0  da14531_symbols.txt ABSOLUTE
    uECC_curve_num_n_bytes                   0x07f1eefd   Thumb Code     0  da14531_symbols.txt ABSOLUTE
    uECC_curve_num_n_bits                    0x07f1ef0d   Thumb Code     0  da14531_symbols.txt ABSOLUTE
    uECC_curve_p                             0x07f1ef15   Thumb Code     0  da14531_symbols.txt ABSOLUTE
    uECC_curve_n                             0x07f1ef19   Thumb Code     0  da14531_symbols.txt ABSOLUTE
    uECC_curve_G                             0x07f1ef1d   Thumb Code     0  da14531_symbols.txt ABSOLUTE
    uECC_curve_b                             0x07f1ef21   Thumb Code     0  da14531_symbols.txt ABSOLUTE
    uECC_vli_mod_sqrt                        0x07f1ef25   Thumb Code     0  da14531_symbols.txt ABSOLUTE
    uECC_vli_mmod_fast                       0x07f1ef2b   Thumb Code     0  da14531_symbols.txt ABSOLUTE
    uECC_point_mult                          0x07f1ef31   Thumb Code     0  da14531_symbols.txt ABSOLUTE
    __aeabi_uidiv                            0x07f1f005   Thumb Code     0  da14531_symbols.txt ABSOLUTE
    __aeabi_uidivmod                         0x07f1f005   Thumb Code     0  da14531_symbols.txt ABSOLUTE
    __aeabi_idiv                             0x07f1f031   Thumb Code     0  da14531_symbols.txt ABSOLUTE
    __aeabi_idivmod                          0x07f1f031   Thumb Code     0  da14531_symbols.txt ABSOLUTE
    __aeabi_lmul                             0x07f1f059   Thumb Code     0  da14531_symbols.txt ABSOLUTE
    _ll_mul                                  0x07f1f059   Thumb Code     0  da14531_symbols.txt ABSOLUTE
    rand                                     0x07f1f0d5   Thumb Code     0  da14531_symbols.txt ABSOLUTE
    srand                                    0x07f1f0e7   Thumb Code     0  da14531_symbols.txt ABSOLUTE
    __aeabi_memcpy                           0x07f1f0f9   Thumb Code     0  da14531_symbols.txt ABSOLUTE
    __aeabi_memcpy4                          0x07f1f0f9   Thumb Code     0  da14531_symbols.txt ABSOLUTE
    __aeabi_memcpy8                          0x07f1f0f9   Thumb Code     0  da14531_symbols.txt ABSOLUTE
    __aeabi_memset                           0x07f1f11d   Thumb Code     0  da14531_symbols.txt ABSOLUTE
    __aeabi_memset4                          0x07f1f11d   Thumb Code     0  da14531_symbols.txt ABSOLUTE
    __aeabi_memset8                          0x07f1f11d   Thumb Code     0  da14531_symbols.txt ABSOLUTE
    __aeabi_memclr                           0x07f1f12b   Thumb Code     0  da14531_symbols.txt ABSOLUTE
    __aeabi_memclr4                          0x07f1f12b   Thumb Code     0  da14531_symbols.txt ABSOLUTE
    __aeabi_memclr8                          0x07f1f12b   Thumb Code     0  da14531_symbols.txt ABSOLUTE
    _memset$wrapper                          0x07f1f12f   Thumb Code     0  da14531_symbols.txt ABSOLUTE
    memcmp                                   0x07f1f141   Thumb Code     0  da14531_symbols.txt ABSOLUTE
    __aeabi_uread4                           0x07f1f15b   Thumb Code     0  da14531_symbols.txt ABSOLUTE
    __rt_uread4                              0x07f1f15b   Thumb Code     0  da14531_symbols.txt ABSOLUTE
    _uread4                                  0x07f1f15b   Thumb Code     0  da14531_symbols.txt ABSOLUTE
    __aeabi_uwrite4                          0x07f1f16f   Thumb Code     0  da14531_symbols.txt ABSOLUTE
    __rt_uwrite4                             0x07f1f16f   Thumb Code     0  da14531_symbols.txt ABSOLUTE
    _uwrite4                                 0x07f1f16f   Thumb Code     0  da14531_symbols.txt ABSOLUTE
    __aeabi_llsl                             0x07f1f181   Thumb Code     0  da14531_symbols.txt ABSOLUTE
    _ll_shift_l                              0x07f1f181   Thumb Code     0  da14531_symbols.txt ABSOLUTE
    __ARM_common_switch8                     0x07f1f1a1   Thumb Code     0  da14531_symbols.txt ABSOLUTE
    uart_api                                 0x07f1f1bc   Data           0  da14531_symbols.txt ABSOLUTE
    co_sca2ppm                               0x07f1f1cc   Data           0  da14531_symbols.txt ABSOLUTE
    co_null_bdaddr                           0x07f1f1dc   Data           0  da14531_symbols.txt ABSOLUTE
    co_default_bdaddr                        0x07f1f1e2   Data           0  da14531_symbols.txt ABSOLUTE
    llc_state_handler                        0x07f1f468   Data           0  da14531_symbols.txt ABSOLUTE
    llc_default_handler                      0x07f1f538   Data           0  da14531_symbols.txt ABSOLUTE
    llm_dflt_bdaddr                          0x07f1f550   Data           0  da14531_symbols.txt ABSOLUTE
    llm_debug_private_key                    0x07f1f556   Data           0  da14531_symbols.txt ABSOLUTE
    llm_local_le_states                      0x07f1f588   Data           0  da14531_symbols.txt ABSOLUTE
    llm_state_handler                        0x07f1f770   Data           0  da14531_symbols.txt ABSOLUTE
    llm_default_handler                      0x07f1f7a0   Data           0  da14531_symbols.txt ABSOLUTE
    LLM_AA_CT1                               0x07f1f7a8   Data           0  da14531_symbols.txt ABSOLUTE
    LLM_AA_CT2                               0x07f1f7ab   Data           0  da14531_symbols.txt ABSOLUTE
    ecc_p256_G                               0x07f1f7ad   Data           0  da14531_symbols.txt ABSOLUTE
    gtl_default_state                        0x07f1f800   Data           0  da14531_symbols.txt ABSOLUTE
    gtl_default_handler                      0x07f1f808   Data           0  da14531_symbols.txt ABSOLUTE
    hci_cmd_desc_tab_lk_ctrl                 0x07f1f814   Data           0  da14531_symbols.txt ABSOLUTE
    hci_cmd_desc_tab_ctrl_bb                 0x07f1f838   Data           0  da14531_symbols.txt ABSOLUTE
    hci_cmd_desc_tab_info_par                0x07f1f8b0   Data           0  da14531_symbols.txt ABSOLUTE
    hci_cmd_desc_tab_stat_par                0x07f1f8e0   Data           0  da14531_symbols.txt ABSOLUTE
    hci_cmd_desc_tab_le                      0x07f1f8ec   Data           0  da14531_symbols.txt ABSOLUTE
    hci_cmd_desc_tab_vs                      0x07f1fb38   Data           0  da14531_symbols.txt ABSOLUTE
    rom_hci_cmd_desc_root_tab                0x07f1fc7c   Data           0  da14531_symbols.txt ABSOLUTE
    hci_evt_desc_tab                         0x07f1fcac   Data           0  da14531_symbols.txt ABSOLUTE
    hci_evt_le_desc_tab                      0x07f1fcf4   Data           0  da14531_symbols.txt ABSOLUTE
    attc_handlers                            0x07f1fd64   Data           0  da14531_symbols.txt ABSOLUTE
    atts_handlers                            0x07f1fdd4   Data           0  da14531_symbols.txt ABSOLUTE
    gattc_default_state                      0x07f1fe54   Data           0  da14531_symbols.txt ABSOLUTE
    gattc_default_handler                    0x07f1ff34   Data           0  da14531_symbols.txt ABSOLUTE
    gattm_default_state                      0x07f1ff80   Data           0  da14531_symbols.txt ABSOLUTE
    gattm_default_handler                    0x07f1ffd8   Data           0  da14531_symbols.txt ABSOLUTE
    l2cc_default_state                       0x07f1fff0   Data           0  da14531_symbols.txt ABSOLUTE
    l2cc_default_handler                     0x07f20008   Data           0  da14531_symbols.txt ABSOLUTE
    const_Rb                                 0x07f20029   Data           0  da14531_symbols.txt ABSOLUTE
    const_Zero                               0x07f20039   Data           0  da14531_symbols.txt ABSOLUTE
    gapc_default_state                       0x07f2005c   Data           0  da14531_symbols.txt ABSOLUTE
    gapc_default_handler                     0x07f201ac   Data           0  da14531_symbols.txt ABSOLUTE
    gapm_default_state                       0x07f20248   Data           0  da14531_symbols.txt ABSOLUTE
    gapm_default_handler                     0x07f20330   Data           0  da14531_symbols.txt ABSOLUTE
    l2cc_connor_pkt_format                   0x07f20338   Data           0  da14531_symbols.txt ABSOLUTE
    l2cc_signaling_pkt_format                0x07f20340   Data           0  da14531_symbols.txt ABSOLUTE
    l2cc_security_pkt_format                 0x07f2039c   Data           0  da14531_symbols.txt ABSOLUTE
    l2cc_attribute_pkt_format                0x07f203d8   Data           0  da14531_symbols.txt ABSOLUTE
    smpc_construct_pdu                       0x07f20454   Data           0  da14531_symbols.txt ABSOLUTE
    arch_printf_flush                        0x07f20be5   Thumb Code     0  da14531_symbols.txt ABSOLUTE
    arch_vprintf                             0x07f20c9d   Thumb Code     0  da14531_symbols.txt ABSOLUTE
    arch_printf                              0x07f20cfd   Thumb Code     0  da14531_symbols.txt ABSOLUTE
    arch_puts                                0x07f20d11   Thumb Code     0  da14531_symbols.txt ABSOLUTE
    arch_printf_process                      0x07f20d21   Thumb Code     0  da14531_symbols.txt ABSOLUTE
    nvds_get_func                            0x07f20dcd   Thumb Code     0  da14531_symbols.txt ABSOLUTE
    nvds_init_func                           0x07f20ea9   Thumb Code     0  da14531_symbols.txt ABSOLUTE
    nvds_del_func                            0x07f20ead   Thumb Code     0  da14531_symbols.txt ABSOLUTE
    nvds_put_func                            0x07f20eb1   Thumb Code     0  da14531_symbols.txt ABSOLUTE
    csprng_seed                              0x07f20f49   Thumb Code     0  da14531_symbols.txt ABSOLUTE
    csprng_get_next_uint32                   0x07f20f79   Thumb Code     0  da14531_symbols.txt ABSOLUTE
    trng_acquire                             0x07f21021   Thumb Code     0  da14531_symbols.txt ABSOLUTE
    prf_add_profile_func                     0x07f210d1   Thumb Code     0  da14531_symbols.txt ABSOLUTE
    prf_cleanup_func                         0x07f211b1   Thumb Code     0  da14531_symbols.txt ABSOLUTE
    prf_env_get                              0x07f211f1   Thumb Code     0  da14531_symbols.txt ABSOLUTE
    prf_src_task_get                         0x07f2121d   Thumb Code     0  da14531_symbols.txt ABSOLUTE
    prf_dst_task_get                         0x07f2122d   Thumb Code     0  da14531_symbols.txt ABSOLUTE
    prf_get_id_from_task_func                0x07f21241   Thumb Code     0  da14531_symbols.txt ABSOLUTE
    prf_get_task_from_id_func                0x07f21279   Thumb Code     0  da14531_symbols.txt ABSOLUTE
    prf_reset_func                           0x07f212b1   Thumb Code     0  da14531_symbols.txt ABSOLUTE
    prf_itf_get                              0x07f212fd   Thumb Code     0  da14531_symbols.txt ABSOLUTE
    prf_pack_char_pres_fmt                   0x07f21321   Thumb Code     0  da14531_symbols.txt ABSOLUTE
    prf_pack_date_time                       0x07f2133f   Thumb Code     0  da14531_symbols.txt ABSOLUTE
    prf_unpack_date_time                     0x07f2135f   Thumb Code     0  da14531_symbols.txt ABSOLUTE
    diss_compute_cfg_flag                    0x07f21381   Thumb Code     0  da14531_symbols.txt ABSOLUTE
    diss_handle_to_value                     0x07f21453   Thumb Code     0  da14531_symbols.txt ABSOLUTE
    diss_value_to_handle                     0x07f21483   Thumb Code     0  da14531_symbols.txt ABSOLUTE
    diss_check_val_len                       0x07f214b7   Thumb Code     0  da14531_symbols.txt ABSOLUTE
    diss_prf_itf_get                         0x07f214ed   Thumb Code     0  da14531_symbols.txt ABSOLUTE
    bass_get_att_handle                      0x07f2184b   Thumb Code     0  da14531_symbols.txt ABSOLUTE
    bass_get_att_idx                         0x07f21901   Thumb Code     0  da14531_symbols.txt ABSOLUTE
    bass_exe_operation                       0x07f2196b   Thumb Code     0  da14531_symbols.txt ABSOLUTE
    bass_prf_itf_get                         0x07f21a6d   Thumb Code     0  da14531_symbols.txt ABSOLUTE
    suotar_prf_itf_get                       0x07f22059   Thumb Code     0  da14531_symbols.txt ABSOLUTE
    check_client_char_cfg                    0x07f22355   Thumb Code     0  da14531_symbols.txt ABSOLUTE
    get_value_handle                         0x07f2237f   Thumb Code     0  da14531_symbols.txt ABSOLUTE
    get_cfg_handle                           0x07f223cb   Thumb Code     0  da14531_symbols.txt ABSOLUTE
    custs1_get_att_handle                    0x07f2242d   Thumb Code     0  da14531_symbols.txt ABSOLUTE
    custs1_get_att_idx                       0x07f22449   Thumb Code     0  da14531_symbols.txt ABSOLUTE
    custs1_prf_itf_get                       0x07f22621   Thumb Code     0  da14531_symbols.txt ABSOLUTE
    custs1_init_ccc_values                   0x07f226d3   Thumb Code     0  da14531_symbols.txt ABSOLUTE
    custs1_set_ccc_value                     0x07f2270b   Thumb Code     0  da14531_symbols.txt ABSOLUTE
    gattc_cmp_evt_handler                    0x07f22823   Thumb Code     0  da14531_symbols.txt ABSOLUTE
    custs1_val_set_req_handler               0x07f22837   Thumb Code     0  da14531_symbols.txt ABSOLUTE
    custs1_val_ntf_req_handler               0x07f22857   Thumb Code     0  da14531_symbols.txt ABSOLUTE
    custs1_val_ind_req_handler               0x07f228b3   Thumb Code     0  da14531_symbols.txt ABSOLUTE
    custs1_att_info_rsp_handler              0x07f2290f   Thumb Code     0  da14531_symbols.txt ABSOLUTE
    gattc_read_req_ind_handler               0x07f2294b   Thumb Code     0  da14531_symbols.txt ABSOLUTE
    gattc_att_info_req_ind_handler           0x07f22b57   Thumb Code     0  da14531_symbols.txt ABSOLUTE
    attm_svc_create_db_128                   0x07f22c19   Thumb Code     0  da14531_symbols.txt ABSOLUTE
    gapm_adv_report_ind_handler_ROM          0x07f23085   Thumb Code     0  da14531_symbols.txt ABSOLUTE
    gapc_security_ind_handler_ROM            0x07f2309f   Thumb Code     0  da14531_symbols.txt ABSOLUTE
    gapc_set_dev_info_req_ind_handler_ROM    0x07f23185   Thumb Code     0  da14531_symbols.txt ABSOLUTE
    gapm_profile_added_ind_handler_ROM       0x07f231c7   Thumb Code     0  da14531_symbols.txt ABSOLUTE
    gapc_param_update_req_ind_handler_ROM    0x07f231f9   Thumb Code     0  da14531_symbols.txt ABSOLUTE
    gapc_le_pkt_size_ind_handler_ROM         0x07f23239   Thumb Code     0  da14531_symbols.txt ABSOLUTE
    gattc_svc_changed_cfg_ind_handler_ROM    0x07f23253   Thumb Code     0  da14531_symbols.txt ABSOLUTE
    gapc_peer_features_ind_handler_ROM       0x07f2326f   Thumb Code     0  da14531_symbols.txt ABSOLUTE
    app_entry_point_handler                  0x07f232a9   Thumb Code     0  da14531_symbols.txt ABSOLUTE
    app_std_process_event                    0x07f232f1   Thumb Code     0  da14531_symbols.txt ABSOLUTE
    app_get_address_type_ROM                 0x07f23335   Thumb Code     0  da14531_symbols.txt ABSOLUTE
    app_fill_random_byte_array_ROM           0x07f23361   Thumb Code     0  da14531_symbols.txt ABSOLUTE
    __aeabi_ldivmod                          0x07f233f3   Thumb Code     0  da14531_symbols.txt ABSOLUTE
    __aeabi_llsr                             0x07f2343f   Thumb Code     0  da14531_symbols.txt ABSOLUTE
    _ll_ushift_r                             0x07f2343f   Thumb Code     0  da14531_symbols.txt ABSOLUTE
    __aeabi_uldivmod                         0x07f23461   Thumb Code     0  da14531_symbols.txt ABSOLUTE
    app_db_init_start                        0x07f234c1   Thumb Code     0  da14531_symbols.txt ABSOLUTE
    app_db_init                              0x07f234dd   Thumb Code     0  da14531_symbols.txt ABSOLUTE
    app_easy_gap_confirm                     0x07f234e9   Thumb Code     0  da14531_symbols.txt ABSOLUTE
    append_device_name                       0x07f23515   Thumb Code     0  da14531_symbols.txt ABSOLUTE
    app_easy_gap_update_adv_data             0x07f23539   Thumb Code     0  da14531_symbols.txt ABSOLUTE
    app_easy_gap_disconnect                  0x07f23581   Thumb Code     0  da14531_symbols.txt ABSOLUTE
    app_easy_gap_advertise_stop              0x07f235bd   Thumb Code     0  da14531_symbols.txt ABSOLUTE
    active_conidx_to_conhdl                  0x07f235d9   Thumb Code     0  da14531_symbols.txt ABSOLUTE
    active_conhdl_to_conidx                  0x07f23605   Thumb Code     0  da14531_symbols.txt ABSOLUTE
    app_timer_set                            0x07f23641   Thumb Code     0  da14531_symbols.txt ABSOLUTE
    app_easy_gap_set_data_packet_length      0x07f2365d   Thumb Code     0  da14531_symbols.txt ABSOLUTE
    get_user_prf_srv_perm                    0x07f23699   Thumb Code     0  da14531_symbols.txt ABSOLUTE
    app_set_prf_srv_perm                     0x07f236c1   Thumb Code     0  da14531_symbols.txt ABSOLUTE
    prf_init_srv_perm                        0x07f236f1   Thumb Code     0  da14531_symbols.txt ABSOLUTE
    app_gattc_svc_changed_cmd_send           0x07f23715   Thumb Code     0  da14531_symbols.txt ABSOLUTE
    blank_otp_bdaddr                         0x07f239e4   Data           0  da14531_symbols.txt ABSOLUTE
    app_default_handler                      0x07f23f58   Data           0  da14531_symbols.txt ABSOLUTE
    gap_cfg_user_var_struct                  0x07f23f60   Data           0  da14531_symbols.txt ABSOLUTE
    __Vectors                                0x07fc0000   Data           4  startup_da14531.o(RESET)
    __Vectors_End                            0x07fc00a0   Data           0  startup_da14531.o(RESET)
    __main                                   0x07fc0111   Thumb Code     0  entry.o(.ARM.Collect$$$$00000000)
    _main_stk                                0x07fc0111   Thumb Code     0  entry2.o(.ARM.Collect$$$$00000001)
    _main_scatterload                        0x07fc0115   Thumb Code     0  entry5.o(.ARM.Collect$$$$00000004)
    __main_after_scatterload                 0x07fc0119   Thumb Code     0  entry5.o(.ARM.Collect$$$$00000004)
    _main_clock                              0x07fc0119   Thumb Code     0  entry7b.o(.ARM.Collect$$$$00000008)
    _main_cpp_init                           0x07fc0119   Thumb Code     0  entry8b.o(.ARM.Collect$$$$0000000A)
    _main_init                               0x07fc0119   Thumb Code     0  entry9a.o(.ARM.Collect$$$$0000000B)
    __rt_final_cpp                           0x07fc0121   Thumb Code     0  entry10a.o(.ARM.Collect$$$$0000000D)
    __rt_final_exit                          0x07fc0121   Thumb Code     0  entry11a.o(.ARM.Collect$$$$0000000F)
    Reset_Handler                            0x07fc0125   Thumb Code     8  startup_da14531.o(.text)
    SVC_Handler                              0x07fc015d   Thumb Code     2  startup_da14531.o(.text)
    PendSV_Handler                           0x07fc015f   Thumb Code     2  startup_da14531.o(.text)
    DMA_Handler                              0x07fc0163   Thumb Code     0  startup_da14531.o(.text)
    KEYBRD_Handler                           0x07fc0163   Thumb Code     0  startup_da14531.o(.text)
    RESERVED21_Handler                       0x07fc0163   Thumb Code     0  startup_da14531.o(.text)
    RESERVED22_Handler                       0x07fc0163   Thumb Code     0  startup_da14531.o(.text)
    RESERVED23_Handler                       0x07fc0163   Thumb Code     0  startup_da14531.o(.text)
    RFCAL_Handler                            0x07fc0163   Thumb Code     0  startup_da14531.o(.text)
    RTC_Handler                              0x07fc0163   Thumb Code     0  startup_da14531.o(.text)
    SPI_Handler                              0x07fc0163   Thumb Code     0  startup_da14531.o(.text)
    SWTIM1_Handler                           0x07fc0163   Thumb Code     0  startup_da14531.o(.text)
    SWTIM_Handler                            0x07fc0163   Thumb Code     0  startup_da14531.o(.text)
    XTAL32M_RDY_Handler                      0x07fc0163   Thumb Code     0  startup_da14531.o(.text)
    JT_lld_test_mode_rx_func                 0x07fc0175   Thumb Code   142  patch.o(.text)
    JT_l2cc_pdu_unpack_func                  0x07fc0203   Thumb Code   786  patch.o(.text)
    JT_l2cc_pdu_recv_ind_handler_func        0x07fc0515   Thumb Code    72  patch.o(.text)
    PATCHED_llm_con_req_ind                  0x07fc055d   Thumb Code   814  patch.o(.text)
    PATCHED_smpc_recv_pair_rand_pdu          0x07fc088b   Thumb Code   272  patch.o(.text)
    PATCHED_smpc_recv_public_key_exchange_pdu 0x07fc099b   Thumb Code   106  patch.o(.text)
    PATCHED_llc_data_ind_handler             0x07fc0a05   Thumb Code   176  patch.o(.text)
    lld_drop_packet_fix                      0x07fc0ab5   Thumb Code    64  patch.o(.text)
    PATCHED_lld_data_ind_handler             0x07fc0af5   Thumb Code    58  patch.o(.text)
    patch_data1                              0x07fc0b2f   Thumb Code    12  patch.o(.text)
    patch_data2                              0x07fc0b3b   Thumb Code     2  patch.o(.text)
    patch_global_vars_init                   0x07fc0b3d   Thumb Code     2  patch.o(.text)
    rf_ldo_calibration                       0x07fc0ed1   Thumb Code    36  rf_ldo_calibration.o(.text)
    enable_rf_diag_irq                       0x07fc0f21   Thumb Code    92  rf_diag.o(.text)
    _WAIT                                    0x07fc0f8d   Thumb Code    10  common.o(.text)
    _WAIT10                                  0x07fc0f97   Thumb Code    10  common.o(.text)
    _WAIT100                                 0x07fc0fa1   Thumb Code    10  common.o(.text)
    _WAIT400                                 0x07fc0fab   Thumb Code    10  common.o(.text)
    _WAIT1000                                0x07fc0fb5   Thumb Code    10  common.o(.text)
    arch_asm_delay_us                        0x07fc0fc9   Thumb Code    32  arch_asm.o(.text)
    strlen                                   0x07fc0fe9   Thumb Code    14  strlen.o(.text)
    __scatterload                            0x07fc0ff9   Thumb Code    28  init.o(.text)
    __scatterload_rt2                        0x07fc0ff9   Thumb Code     0  init.o(.text)
    ADC_Handler                              0x07fc101d   Thumb Code     8  lto-llvm-1c480a.o(.text.ADC_Handler)
    BLE_RF_DIAG_Handler                      0x07fc1029   Thumb Code    44  lto-llvm-1c480a.o(.text.BLE_RF_DIAG_Handler)
    BLE_WAKEUP_LP_Handler                    0x07fc1059   Thumb Code   156  lto-llvm-1c480a.o(.text.BLE_WAKEUP_LP_Handler)
    GPIO0_Handler                            0x07fc1105   Thumb Code    10  lto-llvm-1c480a.o(.text.GPIO0_Handler)
    GPIO1_Handler                            0x07fc110f   Thumb Code    10  lto-llvm-1c480a.o(.text.GPIO1_Handler)
    GPIO2_Handler                            0x07fc1119   Thumb Code    10  lto-llvm-1c480a.o(.text.GPIO2_Handler)
    GPIO3_Handler                            0x07fc1123   Thumb Code    10  lto-llvm-1c480a.o(.text.GPIO3_Handler)
    GPIO4_Handler                            0x07fc112d   Thumb Code    10  lto-llvm-1c480a.o(.text.GPIO4_Handler)
    HardFault_HandlerC                       0x07fc11ed   Thumb Code   124  lto-llvm-1c480a.o(.text.HardFault_HandlerC)
    I2C_Handler                              0x07fc126d   Thumb Code    12  lto-llvm-1c480a.o(.text.I2C_Handler)
    NMI_HandlerC                             0x07fc13f5   Thumb Code   164  lto-llvm-1c480a.o(.text.NMI_HandlerC)
    SysTick_Handler                          0x07fc14b7   Thumb Code     2  lto-llvm-1c480a.o(.text.SysTick_Handler)
    UART2_Handler                            0x07fc14b9   Thumb Code    96  lto-llvm-1c480a.o(.text.UART2_Handler)
    WKUP_QUADEC_Handler                      0x07fc1521   Thumb Code   124  lto-llvm-1c480a.o(.text.WKUP_QUADEC_Handler)
    main                                     0x07fc2495   Thumb Code    12  lto-llvm-1c480a.o(.text.main)
    rf_calibration                           0x07fc2779   Thumb Code   396  lto-llvm-1c480a.o(.text.rf_calibration)
    rwble_isr                                0x07fc2b89   Thumb Code   240  lto-llvm-1c480a.o(.text.rwble_isr)
    __scatterload_copy                       0x07fc3a75   Thumb Code    14  handlers.o(i.__scatterload_copy)
    __scatterload_null                       0x07fc3a83   Thumb Code     2  handlers.o(i.__scatterload_null)
    __scatterload_zeroinit                   0x07fc3a85   Thumb Code    14  handlers.o(i.__scatterload_zeroinit)
    SystemInit                               0x07fc3a95   Thumb Code   108  lto-llvm-1c480a.o(system_DA14xxx)
    Region$$Table$$Base                      0x07fc45d4   Number         0  anon$$obj.o(Region$$Table)
    Region$$Table$$Limit                     0x07fc45f4   Number         0  anon$$obj.o(Region$$Table)
    __initial_sp                             0x07fc5260   Data           0  startup_da14531.o(STACK)
    lld_force_timeout_refresh                0x07fc8bc0   Data           3  lto-llvm-1c480a.o(.bss.retention_mem_area0)
    rf_ldo_calibrated_value                  0x07fc8d4a   Data           1  lto-llvm-1c480a.o(.bss.retention_mem_area0)
    rf_ldo_calibration_pending               0x07fc8d4b   Data           1  lto-llvm-1c480a.o(.bss.retention_mem_area0)
    Image$$RET_HEAP_DB$$Base                 0x07fc8e00   Number         0  anon$$obj.o ABSOLUTE
    dummy                                    0x07fc9c00   Data           0  da14531_symbols.txt ABSOLUTE
    ble_wakeup_executed                      0x07fcb900   Data           0  da14531_symbols.txt ABSOLUTE
    rf_in_sleep                              0x07fcb901   Data           0  da14531_symbols.txt ABSOLUTE
    custom_preinit                           0x07fcb904   Data           0  da14531_symbols.txt ABSOLUTE
    custom_postinit                          0x07fcb908   Data           0  da14531_symbols.txt ABSOLUTE
    custom_appinit                           0x07fcb90c   Data           0  da14531_symbols.txt ABSOLUTE
    custom_preloop                           0x07fcb910   Data           0  da14531_symbols.txt ABSOLUTE
    custom_preschedule                       0x07fcb914   Data           0  da14531_symbols.txt ABSOLUTE
    custom_postschedule                      0x07fcb918   Data           0  da14531_symbols.txt ABSOLUTE
    custom_postschedule_async                0x07fcb91c   Data           0  da14531_symbols.txt ABSOLUTE
    custom_presleepcheck                     0x07fcb920   Data           0  da14531_symbols.txt ABSOLUTE
    custom_appsleepset                       0x07fcb924   Data           0  da14531_symbols.txt ABSOLUTE
    custom_postsleepcheck                    0x07fcb928   Data           0  da14531_symbols.txt ABSOLUTE
    custom_presleepenter                     0x07fcb92c   Data           0  da14531_symbols.txt ABSOLUTE
    custom_postsleepexit                     0x07fcb930   Data           0  da14531_symbols.txt ABSOLUTE
    custom_prewakeup                         0x07fcb934   Data           0  da14531_symbols.txt ABSOLUTE
    custom_postwakeup                        0x07fcb938   Data           0  da14531_symbols.txt ABSOLUTE
    custom_preidlecheck                      0x07fcb93c   Data           0  da14531_symbols.txt ABSOLUTE
    custom_pti_set                           0x07fcb940   Data           0  da14531_symbols.txt ABSOLUTE
    REG_BLE_EM_TX_BUFFER_SIZE                0x07fcb944   Data           0  da14531_symbols.txt ABSOLUTE
    REG_BLE_EM_RX_BUFFER_SIZE                0x07fcb948   Data           0  da14531_symbols.txt ABSOLUTE
    _ble_base                                0x07fcb94c   Data           0  da14531_symbols.txt ABSOLUTE
    gap_cfg_user                             0x07fcb950   Data           0  da14531_symbols.txt ABSOLUTE
    rom_func_addr_table                      0x07fcb954   Data           0  da14531_symbols.txt ABSOLUTE
    rom_cfg_table                            0x07fcb958   Data           0  da14531_symbols.txt ABSOLUTE
    BLE_TX_DESC_DATA_USER                    0x07fcb95c   Data           0  da14531_symbols.txt ABSOLUTE
    BLE_TX_DESC_CNTL_USER                    0x07fcb960   Data           0  da14531_symbols.txt ABSOLUTE
    LLM_LE_ADV_DUMMY_IDX                     0x07fcb964   Data           0  da14531_symbols.txt ABSOLUTE
    LLM_LE_SCAN_CON_REQ_ADV_DIR_IDX          0x07fcb968   Data           0  da14531_symbols.txt ABSOLUTE
    LLM_LE_SCAN_RSP_IDX                      0x07fcb96c   Data           0  da14531_symbols.txt ABSOLUTE
    LLM_LE_ADV_IDX                           0x07fcb970   Data           0  da14531_symbols.txt ABSOLUTE
    length_exchange_needed                   0x07fcb974   Data           0  da14531_symbols.txt ABSOLUTE
    enh_con_cmp_cnt                          0x07fcb978   Data           0  da14531_symbols.txt ABSOLUTE
    rx_pkt_cnt                               0x07fcb980   Data           0  da14531_symbols.txt ABSOLUTE
    rx_pkt_cnt_bad                           0x07fcb984   Data           0  da14531_symbols.txt ABSOLUTE
    rx_pkt_cnt_bad_adv                       0x07fcb988   Data           0  da14531_symbols.txt ABSOLUTE
    rx_pkt_cnt_bad_scn                       0x07fcb98c   Data           0  da14531_symbols.txt ABSOLUTE
    rx_pkt_cnt_bad_oth                       0x07fcb990   Data           0  da14531_symbols.txt ABSOLUTE
    rx_pkt_cnt_bad_wo_sync_err               0x07fcb994   Data           0  da14531_symbols.txt ABSOLUTE
    rx_pkt_cnt_bad_con                       0x07fcb998   Data           0  da14531_symbols.txt ABSOLUTE
    connect_req_cnt                          0x07fcb99c   Data           0  da14531_symbols.txt ABSOLUTE
    last_status                              0x07fcb9a0   Data           0  da14531_symbols.txt ABSOLUTE
    llc_state                                0x07fcb9a4   Data           0  da14531_symbols.txt ABSOLUTE
    lld_sleep_env                            0x07fcb9a8   Data           0  da14531_symbols.txt ABSOLUTE
    lld_wlcoex_enable                        0x07fcb9ac   Data           0  da14531_symbols.txt ABSOLUTE
    ble_duplicate_filter_max                 0x07fcb9b0   Data           0  da14531_symbols.txt ABSOLUTE
    ble_duplicate_filter_found               0x07fcb9b1   Data           0  da14531_symbols.txt ABSOLUTE
    alter_conn_adv_all_cnt                   0x07fcb9b4   Data           0  da14531_symbols.txt ABSOLUTE
    alter_conn_adv_dir_cnt                   0x07fcb9b8   Data           0  da14531_symbols.txt ABSOLUTE
    alter_conn_adv_cnt                       0x07fcb9bc   Data           0  da14531_symbols.txt ABSOLUTE
    create_conn_cnt                          0x07fcb9c0   Data           0  da14531_symbols.txt ABSOLUTE
    alter_conn_cnt                           0x07fcb9c4   Data           0  da14531_symbols.txt ABSOLUTE
    alter_conn_restart_cnt                   0x07fcb9c8   Data           0  da14531_symbols.txt ABSOLUTE
    alter_conn_peer_addr                     0x07fcb9cc   Data           0  da14531_symbols.txt ABSOLUTE
    alter_conn_local_addr                    0x07fcb9d2   Data           0  da14531_symbols.txt ABSOLUTE
    set_adv_data_discard_old                 0x07fcb9d8   Data           0  da14531_symbols.txt ABSOLUTE
    llm_resolving_list_max                   0x07fcb9d9   Data           0  da14531_symbols.txt ABSOLUTE
    llm_local_le_feats                       0x07fcb9da   Data           0  da14531_symbols.txt ABSOLUTE
    llm_bt_env                               0x07fcb9e2   Data           0  da14531_symbols.txt ABSOLUTE
    init_tx_cnt_cntl_cnt1                    0x07fcb9ec   Data           0  da14531_symbols.txt ABSOLUTE
    init_tx_cnt_cntl_cnt                     0x07fcb9f0   Data           0  da14531_symbols.txt ABSOLUTE
    tx_cnt_cntl_cnt                          0x07fcb9f4   Data           0  da14531_symbols.txt ABSOLUTE
    llm_state                                0x07fcb9f8   Data           0  da14531_symbols.txt ABSOLUTE
    delay_us_cnt                             0x07fcb9fa   Data           0  da14531_symbols.txt ABSOLUTE
    gtl_state                                0x07fcb9fc   Data           0  da14531_symbols.txt ABSOLUTE
    use_h4tl                                 0x07fcb9fd   Data           0  da14531_symbols.txt ABSOLUTE
    hci_cmd_desc_root_tab                    0x07fcba00   Data           0  da14531_symbols.txt ABSOLUTE
    gattc_state                              0x07fcba30   Data           0  da14531_symbols.txt ABSOLUTE
    gattm_state                              0x07fcba33   Data           0  da14531_symbols.txt ABSOLUTE
    l2cc_state                               0x07fcba34   Data           0  da14531_symbols.txt ABSOLUTE
    l2cm_env                                 0x07fcba38   Data           0  da14531_symbols.txt ABSOLUTE
    gapc_state                               0x07fcba3e   Data           0  da14531_symbols.txt ABSOLUTE
    gapm_state                               0x07fcba41   Data           0  da14531_symbols.txt ABSOLUTE
    whitelist_fix                            0x07fcba42   Data           0  da14531_symbols.txt ABSOLUTE
    ecdh_key_creation_in_progress            0x07fcba44   Data           0  da14531_symbols.txt ABSOLUTE
    ke_free_bad                              0x07fcba48   Data           0  da14531_symbols.txt ABSOLUTE
    DISABLE_KE_TASK_ALTERNATIVE_SAVED_QUEUE  0x07fcba4c   Data           0  da14531_symbols.txt ABSOLUTE
    rwip_env                                 0x07fcba54   Data           0  da14531_symbols.txt ABSOLUTE
    _rand_state_ROM_DATA                     0x07fcba5c   Data           0  da14531_symbols.txt ABSOLUTE
    custom_msg_handlers                      0x07fcba60   Data           0  da14531_symbols.txt ABSOLUTE
    ble_reg_save                             0x07fcba64   Data           0  da14531_symbols.txt ABSOLUTE
    sleep_env                                0x07fcbab4   Data           0  da14531_symbols.txt ABSOLUTE
    uart_env                                 0x07fcbab8   Data           0  da14531_symbols.txt ABSOLUTE
    ke_mem_heaps_used                        0x07fcbadc   Data           0  da14531_symbols.txt ABSOLUTE
    co_buf_env                               0x07fcbae0   Data           0  da14531_symbols.txt ABSOLUTE
    llc_env                                  0x07fcbb78   Data           0  da14531_symbols.txt ABSOLUTE
    lld_evt_env                              0x07fcbb84   Data           0  da14531_symbols.txt ABSOLUTE
    llm_le_env                               0x07fcbbb0   Data           0  da14531_symbols.txt ABSOLUTE
    llm_local_cmds                           0x07fcbcb0   Data           0  da14531_symbols.txt ABSOLUTE
    gtl_env                                  0x07fcbd30   Data           0  da14531_symbols.txt ABSOLUTE
    hci_env                                  0x07fcbd78   Data           0  da14531_symbols.txt ABSOLUTE
    h4tl_env                                 0x07fcbd88   Data           0  da14531_symbols.txt ABSOLUTE
    gattc_env                                0x07fcbda0   Data           0  da14531_symbols.txt ABSOLUTE
    gattm_env                                0x07fcbdac   Data           0  da14531_symbols.txt ABSOLUTE
    l2cc_env                                 0x07fcbdd0   Data           0  da14531_symbols.txt ABSOLUTE
    ecdh_key                                 0x07fcbddc   Data           0  da14531_symbols.txt ABSOLUTE
    gapc_env                                 0x07fcbe3c   Data           0  da14531_symbols.txt ABSOLUTE
    gapm_env                                 0x07fcbe48   Data           0  da14531_symbols.txt ABSOLUTE
    ke_env                                   0x07fcbe74   Data           0  da14531_symbols.txt ABSOLUTE
    rwip_rf                                  0x07fcbf58   Data           0  da14531_symbols.txt ABSOLUTE



==============================================================================

Memory Map of the image

  Image Entry point : 0x07fc0111

  Load Region LR_IROM1 (Base: 0x07fc0000, Size: 0x000000a8, Max: 0x000000c0, ABSOLUTE)

    Execution Region ER_IROM1 (Exec base: 0x07fc0000, Load base: 0x07fc0000, Size: 0x000000a8, Max: 0x000000c0, ABSOLUTE)

    Exec Addr    Load Addr    Size         Type   Attr      Idx    E Section Name        Object

    0x07fc0000   0x07fc0000   0x000000a0   Data   RO            5    RESET               startup_da14531.o
    0x07fc00a0   0x07fc00a0   0x00000006   Data   RW          484    otp_cs_booter       lto-llvm-1c480a.o



  Load Region LR_IROM2 (Base: 0x07fc00c0, Size: 0x00000000, Max: 0x00000050, ABSOLUTE)

    Execution Region ER_IROM2 (Exec base: 0x07fc00c0, Load base: 0x07fc00c0, Size: 0x00000050, Max: 0x00000050, ABSOLUTE)

    Exec Addr    Load Addr    Size         Type   Attr      Idx    E Section Name        Object

    0x07fc00c0        -       0x00000050   Zero   RW            1    ER_IROM2.bss        anon$$obj.o



  Load Region LR_IROM3 (Base: 0x07fc0110, Size: 0x000044e8, Max: 0x00008ab0, ABSOLUTE)

    Execution Region ER_IROM3 (Exec base: 0x07fc0110, Load base: 0x07fc0110, Size: 0x000044e8, Max: 0x00008ab0, ABSOLUTE)

    Exec Addr    Load Addr    Size         Type   Attr      Idx    E Section Name        Object

    0x07fc0110   0x07fc0110   0x00000000   Code   RO          172  * .ARM.Collect$$$$00000000  mc_p.l(entry.o)
    0x07fc0110   0x07fc0110   0x00000004   Code   RO          175    .ARM.Collect$$$$00000001  mc_p.l(entry2.o)
    0x07fc0114   0x07fc0114   0x00000004   Code   RO          178    .ARM.Collect$$$$00000004  mc_p.l(entry5.o)
    0x07fc0118   0x07fc0118   0x00000000   Code   RO          180    .ARM.Collect$$$$00000008  mc_p.l(entry7b.o)
    0x07fc0118   0x07fc0118   0x00000000   Code   RO          182    .ARM.Collect$$$$0000000A  mc_p.l(entry8b.o)
    0x07fc0118   0x07fc0118   0x00000008   Code   RO          183    .ARM.Collect$$$$0000000B  mc_p.l(entry9a.o)
    0x07fc0120   0x07fc0120   0x00000000   Code   RO          185    .ARM.Collect$$$$0000000D  mc_p.l(entry10a.o)
    0x07fc0120   0x07fc0120   0x00000000   Code   RO          187    .ARM.Collect$$$$0000000F  mc_p.l(entry11a.o)
    0x07fc0120   0x07fc0120   0x00000004   Code   RO          176    .ARM.Collect$$$$00002712  mc_p.l(entry2.o)
    0x07fc0124   0x07fc0124   0x00000050   Code   RO            6    .text               startup_da14531.o
    0x07fc0174   0x07fc0174   0x000009ec   Code   RO          161    .text               da14531.lib(patch.o)
    0x07fc0b60   0x07fc0b60   0x000003c0   Code   RO          163    .text               da14531.lib(rf_ldo_calibration.o)
    0x07fc0f20   0x07fc0f20   0x0000006c   Code   RO          166    .text               da14531.lib(rf_diag.o)
    0x07fc0f8c   0x07fc0f8c   0x0000003c   Code   RO          168    .text               da14531.lib(common.o)
    0x07fc0fc8   0x07fc0fc8   0x00000020   Code   RO          170    .text               da14531.lib(arch_asm.o)
    0x07fc0fe8   0x07fc0fe8   0x0000000e   Code   RO          173    .text               mc_p.l(strlen.o)
    0x07fc0ff6   0x07fc0ff6   0x00000002   PAD
    0x07fc0ff8   0x07fc0ff8   0x00000024   Code   RO          189    .text               mc_p.l(init.o)
    0x07fc101c   0x07fc101c   0x0000000c   Code   RO          250    .text.ADC_Handler   lto-llvm-1c480a.o
    0x07fc1028   0x07fc1028   0x00000030   Code   RO          268    .text.BLE_RF_DIAG_Handler  lto-llvm-1c480a.o
    0x07fc1058   0x07fc1058   0x000000ac   Code   RO          264    .text.BLE_WAKEUP_LP_Handler  lto-llvm-1c480a.o
    0x07fc1104   0x07fc1104   0x0000000a   Code   RO          238    .text.GPIO0_Handler  lto-llvm-1c480a.o
    0x07fc110e   0x07fc110e   0x0000000a   Code   RO          240    .text.GPIO1_Handler  lto-llvm-1c480a.o
    0x07fc1118   0x07fc1118   0x0000000a   Code   RO          242    .text.GPIO2_Handler  lto-llvm-1c480a.o
    0x07fc1122   0x07fc1122   0x0000000a   Code   RO          244    .text.GPIO3_Handler  lto-llvm-1c480a.o
    0x07fc112c   0x07fc112c   0x0000000a   Code   RO          246    .text.GPIO4_Handler  lto-llvm-1c480a.o
    0x07fc1136   0x07fc1136   0x00000002   PAD
    0x07fc1138   0x07fc1138   0x0000004c   Code   RO          232    .text.GPIO_ConfigurePin  lto-llvm-1c480a.o
    0x07fc1184   0x07fc1184   0x00000024   Code   RO          234    .text.GPIO_SetInactive  lto-llvm-1c480a.o
    0x07fc11a8   0x07fc11a8   0x00000044   Code   RO          236    .text.GPIOn_Handler  lto-llvm-1c480a.o
    0x07fc11ec   0x07fc11ec   0x00000080   Code   RO          194    .text.HardFault_HandlerC  lto-llvm-1c480a.o
    0x07fc126c   0x07fc126c   0x00000010   Code   RO          260    .text.I2C_Handler   lto-llvm-1c480a.o
    0x07fc127c   0x07fc127c   0x00000068   Code   RO          422    .text.I2C_read_bit  lto-llvm-1c480a.o
    0x07fc12e4   0x07fc12e4   0x00000044   Code   RO          418    .text.I2C_stop_cond  lto-llvm-1c480a.o
    0x07fc1328   0x07fc1328   0x0000004c   Code   RO          420    .text.I2C_write_bit  lto-llvm-1c480a.o
    0x07fc1374   0x07fc1374   0x00000080   Code   RO          424    .text.I2C_write_byte  lto-llvm-1c480a.o
    0x07fc13f4   0x07fc13f4   0x000000c0   Code   RO          196    .text.NMI_HandlerC  lto-llvm-1c480a.o
    0x07fc14b4   0x07fc14b4   0x00000002   Code   RO          282    .text.RADIOCNTL_Handler  lto-llvm-1c480a.o
    0x07fc14b6   0x07fc14b6   0x00000002   Code   RO          252    .text.SysTick_Handler  lto-llvm-1c480a.o
    0x07fc14b8   0x07fc14b8   0x00000068   Code   RO          254    .text.UART2_Handler  lto-llvm-1c480a.o
    0x07fc1520   0x07fc1520   0x00000088   Code   RO          248    .text.WKUP_QUADEC_Handler  lto-llvm-1c480a.o
    0x07fc15a8   0x07fc15a8   0x00000034   Code   RO          396    .text.app_custs1_create_db  lto-llvm-1c480a.o
    0x07fc15dc   0x07fc15dc   0x0000001a   Code   RO          398    .text.app_custs1_process_handler  lto-llvm-1c480a.o
    0x07fc15f6   0x07fc15f6   0x00000002   PAD
    0x07fc15f8   0x07fc15f8   0x00000060   Code   RO          340    .text.app_db_init_next  lto-llvm-1c480a.o
    0x07fc1658   0x07fc1658   0x00000038   Code   RO          376    .text.app_diss_create_db  lto-llvm-1c480a.o
    0x07fc1690   0x07fc1690   0x00000020   Code   RO          378    .text.app_diss_process_handler  lto-llvm-1c480a.o
    0x07fc16b0   0x07fc16b0   0x00000058   Code   RO          344    .text.app_easy_gap_dev_configure  lto-llvm-1c480a.o
    0x07fc1708   0x07fc1708   0x00000068   Code   RO          342    .text.app_easy_gap_undirected_advertise_start  lto-llvm-1c480a.o
    0x07fc1770   0x07fc1770   0x00000054   Code   RO          384    .text.app_easy_security_tk_exch  lto-llvm-1c480a.o
    0x07fc17c4   0x07fc17c4   0x00000020   Code   RO          346    .text.app_gap_process_handler  lto-llvm-1c480a.o
    0x07fc17e4   0x07fc17e4   0x00000038   Code   RO          382    .text.app_msg_utils_api_process_handler  lto-llvm-1c480a.o
    0x07fc181c   0x07fc181c   0x00000020   Code   RO          360    .text.app_sec_process_handler  lto-llvm-1c480a.o
    0x07fc183c   0x07fc183c   0x00000164   Code   RO          388    .text.app_timer_api_process_handler  lto-llvm-1c480a.o
    0x07fc19a0   0x07fc19a0   0x00000018   Code   RO          210    .text.ba431_get_rand_func  lto-llvm-1c480a.o
    0x07fc19b8   0x07fc19b8   0x0000002c   Code   RO          296    .text.ble_init_arp_func  lto-llvm-1c480a.o
    0x07fc19e4   0x07fc19e4   0x0000002c   Code   RO          292    .text.ble_update_arp_adpll_div_val  lto-llvm-1c480a.o
    0x07fc1a10   0x07fc1a10   0x00000024   Code   RO          212    .text.calibrate_rcx20  lto-llvm-1c480a.o
    0x07fc1a34   0x07fc1a34   0x00000002   Code   RO          204    .text.crypto_init_func  lto-llvm-1c480a.o
    0x07fc1a36   0x07fc1a36   0x00000002   PAD
    0x07fc1a38   0x07fc1a38   0x00000078   Code   RO          312    .text.custs1_value_req_rsp_handler  lto-llvm-1c480a.o
    0x07fc1ab0   0x07fc1ab0   0x00000010   Code   RO          394    .text.custs_get_func_callbacks  lto-llvm-1c480a.o
    0x07fc1ac0   0x07fc1ac0   0x00000002   Code   RO          200    .text.dbg_init_func_empty  lto-llvm-1c480a.o
    0x07fc1ac2   0x07fc1ac2   0x00000002   Code   RO          202    .text.dbg_platform_reset_complete_func_empty  lto-llvm-1c480a.o
    0x07fc1ac4   0x07fc1ac4   0x0000002c   Code   RO          332    .text.default_app_generate_static_random_addr  lto-llvm-1c480a.o
    0x07fc1af0   0x07fc1af0   0x00000008   Code   RO          320    .text.default_app_on_db_init_complete  lto-llvm-1c480a.o
    0x07fc1af8   0x07fc1af8   0x0000000c   Code   RO          324    .text.default_app_on_get_dev_appearance  lto-llvm-1c480a.o
    0x07fc1b04   0x07fc1b04   0x00000014   Code   RO          322    .text.default_app_on_get_dev_name  lto-llvm-1c480a.o
    0x07fc1b18   0x07fc1b18   0x00000012   Code   RO          326    .text.default_app_on_get_dev_slv_pref_params  lto-llvm-1c480a.o
    0x07fc1b2a   0x07fc1b2a   0x00000002   PAD
    0x07fc1b2c   0x07fc1b2c   0x00000084   Code   RO          338    .text.default_app_on_ltk_exch  lto-llvm-1c480a.o
    0x07fc1bb0   0x07fc1bb0   0x00000048   Code   RO          334    .text.default_app_on_pairing_request  lto-llvm-1c480a.o
    0x07fc1bf8   0x07fc1bf8   0x00000010   Code   RO          318    .text.default_app_on_set_dev_config_complete  lto-llvm-1c480a.o
    0x07fc1c08   0x07fc1c08   0x0000003c   Code   RO          328    .text.default_app_on_set_dev_info  lto-llvm-1c480a.o
    0x07fc1c44   0x07fc1c44   0x00000050   Code   RO          336    .text.default_app_on_tk_exch  lto-llvm-1c480a.o
    0x07fc1c94   0x07fc1c94   0x0000000c   Code   RO          330    .text.default_app_update_params_request  lto-llvm-1c480a.o
    0x07fc1ca0   0x07fc1ca0   0x00000018   Code   RO          416    .text.delay_us_t    lto-llvm-1c480a.o
    0x07fc1cb8   0x07fc1cb8   0x00000008   Code   RO          206    .text.dia_rand_func  lto-llvm-1c480a.o
    0x07fc1cc0   0x07fc1cc0   0x0000001a   Code   RO          208    .text.dia_srand_func  lto-llvm-1c480a.o
    0x07fc1cda   0x07fc1cda   0x00000002   PAD
    0x07fc1cdc   0x07fc1cdc   0x00000024   Code   RO          304    .text.dis_adpll     lto-llvm-1c480a.o
    0x07fc1d00   0x07fc1d00   0x00000010   Code   RO          300    .text.dis_hclk      lto-llvm-1c480a.o
    0x07fc1d10   0x07fc1d10   0x000000b8   Code   RO          380    .text.diss_value_req_ind_handler  lto-llvm-1c480a.o
    0x07fc1dc8   0x07fc1dc8   0x00000040   Code   RO          302    .text.en_adpll_tx   lto-llvm-1c480a.o
    0x07fc1e08   0x07fc1e08   0x000000f4   Code   RO          364    .text.gapc_bond_ind_handler  lto-llvm-1c480a.o
    0x07fc1efc   0x07fc1efc   0x00000068   Code   RO          362    .text.gapc_bond_req_ind_handler  lto-llvm-1c480a.o
    0x07fc1f64   0x07fc1f64   0x00000024   Code   RO          352    .text.gapc_cmp_evt_handler  lto-llvm-1c480a.o
    0x07fc1f88   0x07fc1f88   0x00000074   Code   RO          354    .text.gapc_connection_req_ind_handler  lto-llvm-1c480a.o
    0x07fc1ffc   0x07fc1ffc   0x00000028   Code   RO          356    .text.gapc_disconnect_ind_handler  lto-llvm-1c480a.o
    0x07fc2024   0x07fc2024   0x00000018   Code   RO          368    .text.gapc_encrypt_ind_handler  lto-llvm-1c480a.o
    0x07fc203c   0x07fc203c   0x00000004   Code   RO          366    .text.gapc_encrypt_req_ind_handler  lto-llvm-1c480a.o
    0x07fc2040   0x07fc2040   0x000000a8   Code   RO          358    .text.gapc_get_dev_info_req_ind_handler  lto-llvm-1c480a.o
    0x07fc20e8   0x07fc20e8   0x00000004   Code   RO          370    .text.gapm_addr_solved_ind_handler  lto-llvm-1c480a.o
    0x07fc20ec   0x07fc20ec   0x00000048   Code   RO          350    .text.gapm_cmp_evt_handler  lto-llvm-1c480a.o
    0x07fc2134   0x07fc2134   0x0000002c   Code   RO          348    .text.gapm_device_ready_ind_handler  lto-llvm-1c480a.o
    0x07fc2160   0x07fc2160   0x00000004   Code   RO          374    .text.gapm_ral_addr_ind_handler  lto-llvm-1c480a.o
    0x07fc2164   0x07fc2164   0x00000004   Code   RO          372    .text.gapm_ral_size_ind_handler  lto-llvm-1c480a.o
    0x07fc2168   0x07fc2168   0x0000014c   Code   RO          310    .text.gattc_write_req_ind_handler  lto-llvm-1c480a.o
    0x07fc22b4   0x07fc22b4   0x000000b4   Code   RO          410    .text.i2c_bitbangmode  lto-llvm-1c480a.o
    0x07fc2368   0x07fc2368   0x00000038   Code   RO          262    .text.lld_sleep_compensate_func  lto-llvm-1c480a.o
    0x07fc23a0   0x07fc23a0   0x00000070   Code   RO          220    .text.lld_sleep_init_func  lto-llvm-1c480a.o
    0x07fc2410   0x07fc2410   0x0000002c   Code   RO          214    .text.lld_sleep_lpcycles_2_us_rcx_func  lto-llvm-1c480a.o
    0x07fc243c   0x07fc243c   0x00000008   Code   RO          218    .text.lld_sleep_lpcycles_2_us_sel_func  lto-llvm-1c480a.o
    0x07fc2444   0x07fc2444   0x0000001c   Code   RO          216    .text.lld_sleep_us_2_lpcycles_sel_func  lto-llvm-1c480a.o
    0x07fc2460   0x07fc2460   0x00000034   Code   RO          386    .text.ltk_exch_create_msg  lto-llvm-1c480a.o
    0x07fc2494   0x07fc2494   0x0000000c   Code   RO          408    .text.main          lto-llvm-1c480a.o
    0x07fc24a0   0x07fc24a0   0x0000001c   Code   RO          226    .text.otp_cs_load_pd_adpll  lto-llvm-1c480a.o
    0x07fc24bc   0x07fc24bc   0x00000020   Code   RO          224    .text.otp_cs_load_pd_rad  lto-llvm-1c480a.o
    0x07fc24dc   0x07fc24dc   0x00000134   Code   RO          400    .text.periph_init   lto-llvm-1c480a.o
    0x07fc2610   0x07fc2610   0x00000024   Code   RO          198    .text.platform_reset_func  lto-llvm-1c480a.o
    0x07fc2634   0x07fc2634   0x00000034   Code   RO          316    .text.prf_create_func  lto-llvm-1c480a.o
    0x07fc2668   0x07fc2668   0x00000064   Code   RO          314    .text.prf_init_func  lto-llvm-1c480a.o
    0x07fc26cc   0x07fc26cc   0x00000058   Code   RO          412    .text.printbanner   lto-llvm-1c480a.o
    0x07fc2724   0x07fc2724   0x0000003e   Code   RO          426    .text.printf_byte   lto-llvm-1c480a.o
    0x07fc2762   0x07fc2762   0x00000002   PAD
    0x07fc2764   0x07fc2764   0x00000014   Code   RO          308    .text.rf_adplldig_activate  lto-llvm-1c480a.o
    0x07fc2778   0x07fc2778   0x000001c8   Code   RO          306    .text.rf_calibration  lto-llvm-1c480a.o
    0x07fc2940   0x07fc2940   0x00000002   Code   RO          284    .text.rf_force_agc_enable  lto-llvm-1c480a.o
    0x07fc2942   0x07fc2942   0x00000002   PAD
    0x07fc2944   0x07fc2944   0x0000012c   Code   RO          274    .text.rf_init_func  lto-llvm-1c480a.o
    0x07fc2a70   0x07fc2a70   0x00000004   Code   RO          270    .text.rf_reg_rd     lto-llvm-1c480a.o
    0x07fc2a74   0x07fc2a74   0x00000002   Code   RO          272    .text.rf_reg_wr     lto-llvm-1c480a.o
    0x07fc2a76   0x07fc2a76   0x00000002   PAD
    0x07fc2a78   0x07fc2a78   0x00000044   Code   RO          290    .text.rf_regs       lto-llvm-1c480a.o
    0x07fc2abc   0x07fc2abc   0x0000005c   Code   RO          294    .text.rf_reinit_func  lto-llvm-1c480a.o
    0x07fc2b18   0x07fc2b18   0x00000002   Code   RO          280    .text.rf_reset      lto-llvm-1c480a.o
    0x07fc2b1a   0x07fc2b1a   0x00000024   Code   RO          286    .text.rf_rssi_convert  lto-llvm-1c480a.o
    0x07fc2b3e   0x07fc2b3e   0x00000002   PAD
    0x07fc2b40   0x07fc2b40   0x0000001c   Code   RO          278    .text.rf_sleep      lto-llvm-1c480a.o
    0x07fc2b5c   0x07fc2b5c   0x0000002c   Code   RO          276    .text.rf_txpwr_dbm_get  lto-llvm-1c480a.o
    0x07fc2b88   0x07fc2b88   0x00000100   Code   RO          266    .text.rwble_isr     lto-llvm-1c480a.o
    0x07fc2c88   0x07fc2c88   0x000001f4   Code   RO          298    .text.set_recommended_settings  lto-llvm-1c480a.o
    0x07fc2e7c   0x07fc2e7c   0x00000014   Code   RO          228    .text.syscntl_dcdc_get_level  lto-llvm-1c480a.o
    0x07fc2e90   0x07fc2e90   0x00000034   Code   RO          230    .text.syscntl_dcdc_set_level  lto-llvm-1c480a.o
    0x07fc2ec4   0x07fc2ec4   0x00000ac4   Code   RO          222    .text.system_init   lto-llvm-1c480a.o
    0x07fc3988   0x07fc3988   0x00000002   Code   RO          390    .text.timer_canceled_handler  lto-llvm-1c480a.o
    0x07fc398a   0x07fc398a   0x00000002   Code   RO          392    .text.timer_modified_handler  lto-llvm-1c480a.o
    0x07fc398c   0x07fc398c   0x00000010   Code   RO          256    .text.uart_rx_isr   lto-llvm-1c480a.o
    0x07fc399c   0x07fc399c   0x00000028   Code   RO          258    .text.uart_send     lto-llvm-1c480a.o
    0x07fc39c4   0x07fc39c4   0x00000012   Code   RO          414    .text.uart_tx       lto-llvm-1c480a.o
    0x07fc39d6   0x07fc39d6   0x00000002   PAD
    0x07fc39d8   0x07fc39d8   0x00000030   Code   RO          288    .text.update_radiopwrupdn_pref_setting  lto-llvm-1c480a.o
    0x07fc3a08   0x07fc3a08   0x00000024   Code   RO          406    .text.user_catch_rest_hndl  lto-llvm-1c480a.o
    0x07fc3a2c   0x07fc3a2c   0x00000040   Code   RO          402    .text.user_on_connection  lto-llvm-1c480a.o
    0x07fc3a6c   0x07fc3a6c   0x00000008   Code   RO          404    .text.user_on_disconnect  lto-llvm-1c480a.o
    0x07fc3a74   0x07fc3a74   0x0000000e   Code   RO          495    i.__scatterload_copy  mc_p.l(handlers.o)
    0x07fc3a82   0x07fc3a82   0x00000002   Code   RO          496    i.__scatterload_null  mc_p.l(handlers.o)
    0x07fc3a84   0x07fc3a84   0x0000000e   Code   RO          497    i.__scatterload_zeroinit  mc_p.l(handlers.o)
    0x07fc3a92   0x07fc3a92   0x00000002   PAD
    0x07fc3a94   0x07fc3a94   0x00000080   Code   RO          192    system_DA14xxx      lto-llvm-1c480a.o
    0x07fc3b14   0x07fc3b14   0x00000010   Data   RO          468    .rodata.SVC1_ADC_VAL_1_UUID_128  lto-llvm-1c480a.o
    0x07fc3b24   0x07fc3b24   0x00000010   Data   RO          470    .rodata.SVC1_ADC_VAL_2_UUID_128  lto-llvm-1c480a.o
    0x07fc3b34   0x07fc3b34   0x00000010   Data   RO          471    .rodata.SVC1_BUTTON_STATE_UUID_128  lto-llvm-1c480a.o
    0x07fc3b44   0x07fc3b44   0x00000010   Data   RO          465    .rodata.SVC1_CTRL_POINT_UUID_128  lto-llvm-1c480a.o
    0x07fc3b54   0x07fc3b54   0x00000010   Data   RO          472    .rodata.SVC1_INDICATEABLE_UUID_128  lto-llvm-1c480a.o
    0x07fc3b64   0x07fc3b64   0x00000010   Data   RO          467    .rodata.SVC1_LED_STATE_UUID_128  lto-llvm-1c480a.o
    0x07fc3b74   0x07fc3b74   0x00000010   Data   RO          473    .rodata.SVC1_LONG_VALUE_UUID_128  lto-llvm-1c480a.o
    0x07fc3b84   0x07fc3b84   0x00000010   Data   RO          475    .rodata.SVC2_WRITE_VAL_1_UUID_128  lto-llvm-1c480a.o
    0x07fc3b94   0x07fc3b94   0x00000010   Data   RO          476    .rodata.SVC2_WRITE_VAL_2_UUID_128  lto-llvm-1c480a.o
    0x07fc3ba4   0x07fc3ba4   0x00000010   Data   RO          478    .rodata.SVC3_READ_VAL_1_UUID_128  lto-llvm-1c480a.o
    0x07fc3bb4   0x07fc3bb4   0x00000010   Data   RO          479    .rodata.SVC3_READ_VAL_2_UUID_128  lto-llvm-1c480a.o
    0x07fc3bc4   0x07fc3bc4   0x00000010   Data   RO          480    .rodata.SVC3_READ_VAL_3_UUID_128  lto-llvm-1c480a.o
    0x07fc3bd4   0x07fc3bd4   0x00000010   Data   RO          450    .rodata.TASK_DESC_APP  lto-llvm-1c480a.o
    0x07fc3be4   0x07fc3be4   0x00000008   Data   RO          453    .rodata.app_diss_process_handlers  lto-llvm-1c480a.o
    0x07fc3bec   0x07fc3bec   0x00000070   Data   RO          451    .rodata.app_gap_process_handlers  lto-llvm-1c480a.o
    0x07fc3c5c   0x07fc3c5c   0x0000001c   Data   RO          455    .rodata.app_process_handlers  lto-llvm-1c480a.o
    0x07fc3c78   0x07fc3c78   0x00000038   Data   RO          452    .rodata.app_sec_process_handlers  lto-llvm-1c480a.o
    0x07fc3cb0   0x07fc3cb0   0x00000070   Data   RO          441    .rodata.arp_init_table  lto-llvm-1c480a.o
    0x07fc3d20   0x07fc3d20   0x00000002   Data   RO          464    .rodata.att_decl_char  lto-llvm-1c480a.o
    0x07fc3d22   0x07fc3d22   0x00000002   Data   RO          462    .rodata.att_decl_svc  lto-llvm-1c480a.o
    0x07fc3d24   0x07fc3d24   0x00000002   Data   RO          469    .rodata.att_desc_cfg  lto-llvm-1c480a.o
    0x07fc3d26   0x07fc3d26   0x00000002   Data   RO          466    .rodata.att_desc_user_desc  lto-llvm-1c480a.o
    0x07fc3d28   0x07fc3d28   0x00000038   Data   RO          459    .rodata.cust_prf_funcs  lto-llvm-1c480a.o
    0x07fc3d60   0x07fc3d60   0x00000384   Data   RO          481    .rodata.custs1_att_db  lto-llvm-1c480a.o
    0x07fc40e4   0x07fc40e4   0x00000008   Data   RO          447    .rodata.custs1_default_handler  lto-llvm-1c480a.o
    0x07fc40ec   0x07fc40ec   0x00000048   Data   RO          444    .rodata.custs1_default_state  lto-llvm-1c480a.o
    0x07fc4134   0x07fc4134   0x00000004   Data   RO          460    .rodata.custs1_services  lto-llvm-1c480a.o
    0x07fc4138   0x07fc4138   0x00000001   Data   RO          461    .rodata.custs1_services_size  lto-llvm-1c480a.o
    0x07fc4139   0x07fc4139   0x00000010   Data   RO          463    .rodata.custs1_svc1  lto-llvm-1c480a.o
    0x07fc4149   0x07fc4149   0x00000010   Data   RO          474    .rodata.custs1_svc2  lto-llvm-1c480a.o
    0x07fc4159   0x07fc4159   0x00000010   Data   RO          477    .rodata.custs1_svc3  lto-llvm-1c480a.o
    0x07fc4169   0x07fc4169   0x00000003   PAD
    0x07fc416c   0x07fc416c   0x00000018   Data   RO          438    .rodata.my_custom_msg_handlers  lto-llvm-1c480a.o
    0x07fc4184   0x07fc4184   0x0000000e   Data   RO          428    .rodata.nvds_data_storage  lto-llvm-1c480a.o
    0x07fc4192   0x07fc4192   0x00000002   PAD
    0x07fc4194   0x07fc4194   0x00000018   Data   RO          448    .rodata.prf_funcs   lto-llvm-1c480a.o
    0x07fc41ac   0x07fc41ac   0x00000018   Data   RO          445    .rodata.prf_if      lto-llvm-1c480a.o
    0x07fc41c4   0x07fc41c4   0x00000020   Data   RO          457    .rodata.rom_app_task_cfg  lto-llvm-1c480a.o
    0x07fc41e4   0x07fc41e4   0x000000ec   Data   RO          435    .rodata.rom_cfg_table_var  lto-llvm-1c480a.o
    0x07fc42d0   0x07fc42d0   0x00000010   Data   RO          437    .rodata.rom_chacha20_cfg  lto-llvm-1c480a.o
    0x07fc42e0   0x07fc42e0   0x00000010   Data   RO          443    .rodata.rom_cust_prf_cfg  lto-llvm-1c480a.o
    0x07fc42f0   0x07fc42f0   0x0000017c   Data   RO          434    .rodata.rom_func_addr_table_var  lto-llvm-1c480a.o
    0x07fc446c   0x07fc446c   0x00000008   Data   RO          433    .rodata.rom_nvds_cfg  lto-llvm-1c480a.o
    0x07fc4474   0x07fc4474   0x0000000c   Data   RO          446    .rodata.rom_prf_cfg  lto-llvm-1c480a.o
    0x07fc4480   0x07fc4480   0x000000b2   Data   RO          454    .rodata.str1.1      lto-llvm-1c480a.o
    0x07fc4532   0x07fc4532   0x00000002   PAD
    0x07fc4534   0x07fc4534   0x0000000c   Data   RO          449    .rodata.str1.4      lto-llvm-1c480a.o
    0x07fc4540   0x07fc4540   0x0000008c   Data   RO          456    .rodata.user_app_callbacks  lto-llvm-1c480a.o
    0x07fc45cc   0x07fc45cc   0x00000007   Data   RO          458    .rodata.user_security_conf  lto-llvm-1c480a.o
    0x07fc45d3   0x07fc45d3   0x00000001   PAD
    0x07fc45d4   0x07fc45d4   0x00000020   Data   RO          494    Region$$Table       anon$$obj.o
    0x07fc45f4   0x07fc45f4   0x00000001   Data   RW          442    .data.pa_en_dcf_tx_setting  lto-llvm-1c480a.o


    Execution Region ER_PRODTEST (Exec base: 0x07fc45f8, Load base: 0x07fc45f8, Size: 0x00000000, Max: 0xffffffff, ABSOLUTE, UNINIT)

    **** No section assigned to this execution region ****


    Execution Region ER_ZI (Exec base: 0x07fc45f8, Load base: 0x07fc45f8, Size: 0x00000c68, Max: 0xffffffff, ABSOLUTE)

    Exec Addr    Load Addr    Size         Type   Attr      Idx    E Section Name        Object

    0x07fc45f8        -       0x00000510   Zero   RW          164    .bss                da14531.lib(rf_ldo_calibration.o)
    0x07fc4b08        -       0x0000004a   Zero   RW          485    .bss..L_MergedGlobals.218  lto-llvm-1c480a.o
    0x07fc4b52        -       0x0000000a   Zero   RW          482    .bss.buffer         lto-llvm-1c480a.o
    0x07fc4b5c   0x07fc45f8   0x00000004   PAD
    0x07fc4b60        -       0x00000700   Zero   RW            3    STACK               startup_da14531.o


    Execution Region ER_NZI (Exec base: 0x07fc5260, Load base: 0x07fc45f8, Size: 0x0000040c, Max: 0xffffffff, ABSOLUTE, UNINIT)

    Exec Addr    Load Addr    Size         Type   Attr      Idx    E Section Name        Object

    0x07fc5260        -       0x0000040c   Zero   RW          429    .bss.heap_mem_area_not_ret  lto-llvm-1c480a.o


    Execution Region ER_STATEFUL_HIBERNATION (Exec base: 0x07fc566c, Load base: 0x07fc45f8, Size: 0x00000000, Max: 0xffffffff, ABSOLUTE, UNINIT)

    **** No section assigned to this execution region ****



  Load Region LR_RETAINED_RAM0 (Base: 0x07fc8bc0, Size: 0x00000000, Max: 0x00001440, ABSOLUTE)

    Execution Region RET_DATA_UNINIT (Exec base: 0x07fc8bc0, Load base: 0x07fc8bc0, Size: 0x00000000, Max: 0x00000000, ABSOLUTE, UNINIT)

    **** No section assigned to this execution region ****


    Execution Region RET_DATA (Exec base: 0x07fc8bc0, Load base: 0x07fc8bc0, Size: 0x00000240, Max: 0x00000800, ABSOLUTE)

    Exec Addr    Load Addr    Size         Type   Attr      Idx    E Section Name        Object

    0x07fc8bc0        -       0x00000240   Zero   RW          439    .bss.retention_mem_area0  lto-llvm-1c480a.o


    Execution Region RET_HEAP_DB (Exec base: 0x07fc8e00, Load base: 0x07fc8bc0, Size: 0x0000040c, Max: 0xffffffff, ABSOLUTE, UNINIT)

    Exec Addr    Load Addr    Size         Type   Attr      Idx    E Section Name        Object

    0x07fc8e00        -       0x0000040c   Zero   RW          431    .bss.heap_db_area   lto-llvm-1c480a.o


    Execution Region RET_HEAP_ENV (Exec base: 0x07fc920c, Load base: 0x07fc8bc0, Size: 0x000002b8, Max: 0xffffffff, ABSOLUTE, UNINIT)

    Exec Addr    Load Addr    Size         Type   Attr      Idx    E Section Name        Object

    0x07fc920c        -       0x000002b8   Zero   RW          430    .bss.heap_env_area  lto-llvm-1c480a.o


    Execution Region RET_HEAP_MSG (Exec base: 0x07fc94c4, Load base: 0x07fc8bc0, Size: 0x0000057c, Max: 0xffffffff, ABSOLUTE, UNINIT)

    Exec Addr    Load Addr    Size         Type   Attr      Idx    E Section Name        Object

    0x07fc94c4        -       0x0000057c   Zero   RW          432    .bss.heap_msg_area  lto-llvm-1c480a.o



  Load Region LR_FREE_AREA (Base: 0x07fca000, Size: 0x00000000, Max: 0x00001900, ABSOLUTE)

    Execution Region ER_FREE_AREA_AT_TX_CNTL_BUFFER (Exec base: 0x07fca884, Load base: 0x07fca000, Size: 0x00000000, Max: 0x000000de, ABSOLUTE)

    **** No section assigned to this execution region ****


    Execution Region ER_FREE_AREA_AT_TX_ADV_1_BUFFER (Exec base: 0x07fca988, Load base: 0x07fca000, Size: 0x00000000, Max: 0x000000e0, ABSOLUTE)

    **** No section assigned to this execution region ****


    Execution Region ER_FREE_AREA_AT_TX_ADV_2_BUFFER (Exec base: 0x07fcaa90, Load base: 0x07fca000, Size: 0x00000000, Max: 0x000000de, ABSOLUTE)

    **** No section assigned to this execution region ****


    Execution Region ER_FREE_AREA_AT_TX_ADV_3_BUFFER (Exec base: 0x07fcab94, Load base: 0x07fca000, Size: 0x00000000, Max: 0x000000e0, ABSOLUTE)

    **** No section assigned to this execution region ****


    Execution Region ER_FREE_AREA (Exec base: 0x07fcb4ac, Load base: 0x07fca000, Size: 0x00000000, Max: 0x000003f0, ABSOLUTE)

    **** No section assigned to this execution region ****



  Load Region LR_RETAINED_TRNG_STATE (Base: 0x07fcb89c, Size: 0x00000000, Max: 0x00000004, ABSOLUTE)

    Execution Region RET_DATA_UNINIT_TRNG_STATE (Exec base: 0x07fcb89c, Load base: 0x07fcb89c, Size: 0x00000004, Max: 0x00000004, ABSOLUTE, UNINIT)

    Exec Addr    Load Addr    Size         Type   Attr      Idx    E Section Name        Object

    0x07fcb89c        -       0x00000004   Zero   RW          440    .bss.trng_state     lto-llvm-1c480a.o



  Load Region LR_RETAINED_CHACHA_STATE (Base: 0x07fcb8a0, Size: 0x00000000, Max: 0x00000060, ABSOLUTE)

    Execution Region RET_DATA_UNINIT_CHACHA_STATE (Exec base: 0x07fcb8a0, Load base: 0x07fcb8a0, Size: 0x00000060, Max: 0x00000060, ABSOLUTE, UNINIT)

    Exec Addr    Load Addr    Size         Type   Attr      Idx    E Section Name        Object

    0x07fcb8a0        -       0x00000060   Zero   RW          436    .bss.chacha20_state  lto-llvm-1c480a.o


==============================================================================

Image component sizes


      Code (inc. data)   RO Data    RW Data    ZI Data      Debug   Object Name

     10948       1504       2744          7       4932     171636   lto-llvm-1c480a.o
        80         16        160          0       1792        780   startup_da14531.o

    ----------------------------------------------------------------------
     11048       1520       2944         12       6808     172416   Object Totals
         0          0         32          0         80          0   (incl. Generated)
        20          0          8          5          4          0   (incl. Padding)

    ----------------------------------------------------------------------

      Code (inc. data)   RO Data    RW Data    ZI Data      Debug   Library Member Name

        32          0          0          0          0         68   arch_asm.o
        60         10          0          0          0        164   common.o
      2540        114          0          0          0        520   patch.o
       108         16          0          0          0         68   rf_diag.o
       960         44          0          0       1296        144   rf_ldo_calibration.o
         0          0          0          0          0          0   entry.o
         0          0          0          0          0          0   entry10a.o
         0          0          0          0          0          0   entry11a.o
         8          4          0          0          0          0   entry2.o
         4          0          0          0          0          0   entry5.o
         0          0          0          0          0          0   entry7b.o
         0          0          0          0          0          0   entry8b.o
         8          4          0          0          0          0   entry9a.o
        30          0          0          0          0          0   handlers.o
        36          8          0          0          0         68   init.o
        14          0          0          0          0         60   strlen.o

    ----------------------------------------------------------------------
      3804        200          0          0       1296       1092   Library Totals
         4          0          0          0          0          0   (incl. Padding)

    ----------------------------------------------------------------------

      Code (inc. data)   RO Data    RW Data    ZI Data      Debug   Library Name

      3700        184          0          0       1296        964   da14531.lib
       100         16          0          0          0        128   mc_p.l

    ----------------------------------------------------------------------
      3804        200          0          0       1296       1092   Library Totals

    ----------------------------------------------------------------------

==============================================================================


      Code (inc. data)   RO Data    RW Data    ZI Data      Debug   

     14852       1720       2944         12       8104     173476   Grand Totals
     14852       1720       2944         12       8104     173476   ELF Image Totals
     14852       1720       2944         12          0          0   ROM Totals

==============================================================================

    Total RO  Size (Code + RO Data)                17796 (  17.38kB)
    Total RW  Size (RW Data + ZI Data)              8116 (   7.93kB)
    Total ROM Size (Code + RO Data + RW Data)      17808 (  17.39kB)

==============================================================================

