<html>
<body>
<pre>
<h1>µVision Build Log</h1>
<h2>Tool Versions:</h2>
IDE-Version: µVision V5.38.0.0
Copyright (C) 2022 ARM Ltd and ARM Germany GmbH. All rights reserved.
License Information: mrk mrk, mrk, LIC=NHYH9-4A51Z-AW82F-6Q0RG-5HIEJ-WI86B
 
Tool Versions:
Toolchain:       MDK-ARM Professional  Version: 5.38.0.0
Toolchain Path:  D:\Keil_v5\ARM\ARMCLANG\Bin
C Compiler:      ArmClang.exe V6.19
Assembler:       Armasm.exe V6.19
Linker/Locator:  ArmLink.exe V6.19
Library Manager: ArmAr.exe V6.19
Hex Converter:   FromElf.exe V6.19
CPU DLL:         SARMCM3.DLL V5.38.0.0
Dialog DLL:      DARMCM1.DLL V1.19.6.0
Target DLL:      Segger\JL2CM3.dll V2.99.42.0
Dialog DLL:      TARMCM1.DLL V1.14.6.0
 
<h2>Project:</h2>
E:\New folder\SDK_6.0.20.1338\DA145xx_SDK\6.0.20.1338\projects\target_apps\template\empty_peripheral_template\Keil_5\empty_peripheral_template.uvprojx
Project File Date:  02/15/2024

<h2>Output:</h2>
*** Using Compiler 'V6.19', folder: 'D:\Keil_v5\ARM\ARMCLANG\Bin'
Rebuild target 'DA14531'
assembling startup_DA14531.s...
compiling system_DA14531.c...
compiling nvds.c...
compiling nmi_handler.c...
compiling arch_console.c...
compiling hardfault_handler.c...
compiling arch_sleep.c...
compiling chacha20.c...
compiling arch_rom.c...
compiling jump_table.c...
compiling arch_hibernation.c...
compiling hash.c...
compiling arch_system.c...
compiling system_library_585_586.c...
compiling system_library_531_01.c...
compiling system_library_535.c...
compiling otp_hdr.c...
compiling system_library_531.c...
compiling syscntl.c...
compiling otp_cs.c...
compiling gpio.c...
compiling wkupct_quadec.c...
compiling battery.c...
compiling trng.c...
compiling adc_531.c...
compiling spi_531.c...
compiling systick.c...
compiling i2c_eeprom.c...
compiling spi_flash.c...
compiling hw_otpc_531.c...
compiling uart.c...
compiling dma.c...
compiling rf_585.c...
compiling i2c.c...
compiling basc.c...
compiling attm_db_128.c...
compiling basc_task.c...
compiling rf_531.c...
compiling bass_task.c...
compiling bass.c...
compiling rwip.c...
compiling blpc.c...
compiling blpc_task.c...
compiling rwble.c...
compiling ble_arp.c...
compiling blps_task.c...
compiling blps.c...
compiling disc.c...
compiling diss.c...
compiling diss_task.c...
compiling disc_task.c...
compiling findt.c...
compiling findt_task.c...
compiling hogpbh_task.c...
compiling hogpd.c...
compiling hogpbh.c...
compiling hogpd_task.c...
compiling hogprh.c...
compiling hogprh_task.c...
compiling hrpc_task.c...
compiling hrpc.c...
compiling hrps.c...
compiling hrps_task.c...
compiling htpc.c...
compiling htpc_task.c...
compiling htpt_task.c...
compiling htpt.c...
compiling proxm.c...
compiling proxm_task.c...
compiling proxr.c...
compiling proxr_task.c...
compiling scppc.c...
compiling scpps.c...
compiling scppc_task.c...
compiling scpps_task.c...
compiling anpc.c...
compiling anpc_task.c...
compiling anps.c...
compiling cscpc.c...
compiling cscpc_task.c...
compiling anps_task.c...
compiling cscps.c...
compiling cscps_task.c...
compiling glpc.c...
compiling glpc_task.c...
compiling glps.c...
compiling glps_task.c...
compiling paspc.c...
compiling paspc_task.c...
compiling pasps_task.c...
compiling rscpc.c...
compiling rscpc_task.c...
compiling pasps.c...
compiling rscps.c...
compiling rscps_task.c...
compiling tipc.c...
compiling tipc_task.c...
compiling tips.c...
compiling findl.c...
compiling tips_task.c...
compiling findl_task.c...
compiling cppc_task.c...
compiling cppc.c...
compiling cpps.c...
compiling cpps_task.c...
compiling lanc_task.c...
compiling lanc.c...
compiling lans.c...
compiling suotar.c...
compiling lans_task.c...
compiling suotar_task.c...
compiling custs1.c...
compiling custs2.c...
compiling custs1_task.c...
compiling custom_common.c...
compiling custs2_task.c...
compiling prf_utils.c...
compiling prf.c...
compiling app_security.c...
compiling app_task.c...
compiling app_default_handlers.c...
compiling app.c...
compiling app_bass_task.c...
compiling app_findme_task.c...
compiling app_bass.c...
compiling app_findme.c...
compiling app_proxr.c...
compiling app_security_task.c...
compiling app_proxr_task.c...
compiling app_diss.c...
compiling app_suotar.c...
compiling app_diss_task.c...
compiling app_suotar_task.c...
compiling app_msg_utils.c...
compiling app_easy_msg_utils.c...
compiling app_customs.c...
compiling app_easy_timer.c...
compiling app_customs_task.c...
compiling app_entry_point.c...
compiling app_customs_common.c...
compiling app_easy_security.c...
compiling app_utils.c...
compiling app_easy_whitelist.c...
compiling app_bond_db.c...
compiling user_custs1_def.c...
compiling user_custs_config.c...
compiling fpga.c...
compiling user_periph_setup.c...
compiling user_empty_peripheral_template.c...
compiling main.c...
linking...
Program Size: Code=14508 RO-data=2944 RW-data=12 ZI-data=8096  
FromELF: creating hex file...
After Build - User command #1: fromelf --bincombined --output=".\out_DA14531\Objects\empty_peripheral_template_531.bin"  ".\out_DA14531\Objects\empty_peripheral_template_531.axf"
".\out_DA14531\Objects\empty_peripheral_template_531.axf" - 0 Error(s), 0 Warning(s).

<h2>Software Packages used:</h2>

Package Vendor: ARM
                http://www.keil.com/pack/ARM.CMSIS.5.9.0.pack
                ARM.CMSIS.5.9.0
                CMSIS (Common Microcontroller Software Interface Standard)

<h2>Collection of Component include folders:</h2>
  D:/Users/hearing aid/AppData/Local/Arm/Packs/ARM/CMSIS/5.9.0/Device/ARM/ARMCM0plus/Include

<h2>Collection of Component Files used:</h2>
Build Time Elapsed:  00:00:07
</pre>
</body>
</html>
